ARM Linker, RVCT4.0 [Build 524] for uVision [Standard]

==============================================================================

Section Cross References

    startup_stm32f10x_hd.o(RESET) refers to startup_stm32f10x_hd.o(.text) for Reset_Handler
    startup_stm32f10x_hd.o(RESET) refers to stm32f10x_it.o(.text) for NMI_Handler
    startup_stm32f10x_hd.o(RESET) refers to os_cpu_a.o(.text) for OS_CPU_PendSVHandler
    startup_stm32f10x_hd.o(RESET) refers to stm32rtc.o(.text) for TIM2_IRQHandler
    startup_stm32f10x_hd.o(RESET) refers to usart.o(.text) for USART1_IRQHandler
    startup_stm32f10x_hd.o(.text) refers to startup_stm32f10x_hd.o(STACK) for __initial_sp
    startup_stm32f10x_hd.o(.text) refers to entry.o(.ARM.Collect$$$$00000000) for __main
    main.o(.text) refers to bsp.o(.text) for SysTick_init
    main.o(.text) refers to mutex.o(.text) for mutex_init
    main.o(.text) refers to switch.o(.text) for SysReset
    main.o(.text) refers to platpara.o(.text) for platpara_init
    main.o(.text) refers to printfa.o(i.__0printf) for __2printf
    main.o(.text) refers to time.o(.text) for UTimeReadCurrent
    main.o(.text) refers to appmain.o(.text) for RunAppTask
    main.o(.text) refers to rtc.o(.text) for rtc_update
    main.o(.text) refers to task.o(.text) for SysCheckTaskState
    main.o(.text) refers to sleep.o(.text) for sleep
    main.o(.text) refers to os_task.o(.text) for OSTaskCreateExt
    main.o(.text) refers to os_core.o(.text) for OSInit
    main.o(.text) refers to plat_init.o(.text) for PlatInit
    main.o(.text) refers to main.o(.data) for .data
    main.o(.text) refers to main.o(.bss) for .bss
    main.o(.data) refers to main.o(.conststring) for .conststring
    stm32f10x_it.o(.text) refers to usart.o(.text) for PError
    stm32f10x_it.o(.text) refers to os_core.o(.text) for OSIntEnter
    stm32f10x_it.o(.text) refers to switch.o(.text) for Close485Led
    stm32f10x_it.o(.text) refers to stm32f10x_it.o(.constdata) for .constdata
    stm32f10x_gpio.o(.text) refers to stm32f10x_rcc.o(.text) for RCC_APB2PeriphResetCmd
    stm32f10x_rcc.o(.text) refers to stm32f10x_rcc.o(.data) for .data
    stm32f10x_usart.o(.text) refers to stm32f10x_rcc.o(.text) for RCC_APB2PeriphResetCmd
    stm32f10x_spi.o(.text) refers to stm32f10x_rcc.o(.text) for RCC_APB2PeriphResetCmd
    stm32f10x_pwr.o(.text) refers to stm32f10x_rcc.o(.text) for RCC_APB1PeriphResetCmd
    stm32f10x_bkp.o(.text) refers to stm32f10x_rcc.o(.text) for RCC_BackupResetCmd
    stm32f10x_tim.o(.text) refers to stm32f10x_rcc.o(.text) for RCC_APB2PeriphResetCmd
    stm32f10x_adc.o(.text) refers to stm32f10x_rcc.o(.text) for RCC_APB2PeriphResetCmd
    bsp.o(.text) refers to misc.o(.text) for NVIC_SetVectorTable
    bsp.o(.text) refers to system_stm32f10x.o(.text) for SystemInit
    bsp.o(.text) refers to stm32f10x_rcc.o(.text) for RCC_APB2PeriphClockCmd
    bsp.o(.text) refers to system_stm32f10x.o(.constdata) for SystemFrequency
    os_core.o(.text) refers to os_cpu_a.o(.text) for OS_CPU_SR_Save
    os_core.o(.text) refers to os_cpu_c.o(.text) for OSTaskIdleHook
    os_core.o(.text) refers to os_task.o(.text) for OSTaskCreateExt
    os_core.o(.text) refers to os_core.o(.data) for OSIntNesting
    os_core.o(.text) refers to os_core.o(.bss) for OSTaskIdleStk
    os_core.o(.text) refers to os_core.o(.constdata) for OSUnMapTbl
    os_sem.o(.text) refers to os_cpu_a.o(.text) for OS_CPU_SR_Save
    os_sem.o(.text) refers to os_core.o(.text) for OS_EventWaitListInit
    os_sem.o(.text) refers to os_core.o(.data) for OSIntNesting
    os_task.o(.text) refers to os_cpu_a.o(.text) for OS_CPU_SR_Save
    os_task.o(.text) refers to os_core.o(.text) for OS_Sched
    os_task.o(.text) refers to os_cpu_c.o(.text) for OSTaskStkInit
    os_task.o(.text) refers to os_core.o(.bss) for OSTCBPrioTbl
    os_task.o(.text) refers to os_core.o(.data) for OSTCBCur
    os_time.o(.text) refers to os_cpu_a.o(.text) for OS_CPU_SR_Save
    os_time.o(.text) refers to os_core.o(.text) for OS_Sched
    os_time.o(.text) refers to os_core.o(.data) for OSIntNesting
    os_time.o(.text) refers to os_core.o(.bss) for OSTCBPrioTbl
    os_cpu_a.o(.text) refers to os_core.o(.data) for OSRunning
    os_cpu_a.o(.text) refers to os_cpu_c.o(.text) for OSTaskSwHook
    gprsctrl.o(.text) refers to usart.o(.text) for UartRecvData
    gprsctrl.o(.text) refers to memcmp.o(.text) for memcmp
    gprsctrl.o(.text) refers to sleep.o(.text) for sleep
    gprsctrl.o(.text) refers to memseta.o(.text) for __aeabi_memclr
    gprsctrl.o(.text) refers to strlen.o(.text) for strlen
    gprsctrl.o(.text) refers to log.o(.text) for PrintLog
    gprsctrl.o(.text) refers to strstr.o(.text) for strstr
    gprsctrl.o(.text) refers to gprsctrl.o(.data) for .data
    gprsctrl.o(.data) refers to gprsctrl.o(.conststring) for .conststring
    m35gprs.o(.text) refers to switch.o(.text) for gprs_vcc_off
    m35gprs.o(.text) refers to usart.o(.text) for UartOpen
[...]
    TIM_InternalClockConfig                  0x080048f9   Thumb Code    12  stm32f10x_tim.o(.text)
    TIM_SelectInputTrigger                   0x08004905   Thumb Code    16  stm32f10x_tim.o(.text)
    TIM_ITRxExternalClockConfig              0x08004915   Thumb Code    24  stm32f10x_tim.o(.text)
    TIM_TIxExternalClockConfig               0x0800492d   Thumb Code    62  stm32f10x_tim.o(.text)
    TIM_ETRConfig                            0x0800496b   Thumb Code    24  stm32f10x_tim.o(.text)
    TIM_ETRClockMode1Config                  0x08004983   Thumb Code    54  stm32f10x_tim.o(.text)
    TIM_ETRClockMode2Config                  0x080049b9   Thumb Code    32  stm32f10x_tim.o(.text)
    TIM_PrescalerConfig                      0x080049d9   Thumb Code     6  stm32f10x_tim.o(.text)
    TIM_CounterModeConfig                    0x080049df   Thumb Code    16  stm32f10x_tim.o(.text)
    TIM_EncoderInterfaceConfig               0x080049ef   Thumb Code    56  stm32f10x_tim.o(.text)
    TIM_ForcedOC1Config                      0x08004a27   Thumb Code    16  stm32f10x_tim.o(.text)
    TIM_ForcedOC2Config                      0x08004a37   Thumb Code    20  stm32f10x_tim.o(.text)
    TIM_ForcedOC3Config                      0x08004a4b   Thumb Code    16  stm32f10x_tim.o(.text)
    TIM_ForcedOC4Config                      0x08004a5b   Thumb Code    20  stm32f10x_tim.o(.text)
    TIM_ARRPreloadConfig                     0x08004a6f   Thumb Code    24  stm32f10x_tim.o(.text)
    TIM_SelectCOM                            0x08004a87   Thumb Code    24  stm32f10x_tim.o(.text)
    TIM_SelectCCDMA                          0x08004a9f   Thumb Code    24  stm32f10x_tim.o(.text)
    TIM_CCPreloadControl                     0x08004ab7   Thumb Code    24  stm32f10x_tim.o(.text)
    TIM_OC1PreloadConfig                     0x08004acf   Thumb Code    16  stm32f10x_tim.o(.text)
    TIM_OC2PreloadConfig                     0x08004adf   Thumb Code    20  stm32f10x_tim.o(.text)
    TIM_OC3PreloadConfig                     0x08004af3   Thumb Code    16  stm32f10x_tim.o(.text)
    TIM_OC4PreloadConfig                     0x08004b03   Thumb Code    20  stm32f10x_tim.o(.text)
    TIM_OC1FastConfig                        0x08004b17   Thumb Code    16  stm32f10x_tim.o(.text)
    TIM_OC2FastConfig                        0x08004b27   Thumb Code    20  stm32f10x_tim.o(.text)
    TIM_OC3FastConfig                        0x08004b3b   Thumb Code    16  stm32f10x_tim.o(.text)
    TIM_OC4FastConfig                        0x08004b4b   Thumb Code    20  stm32f10x_tim.o(.text)
    TIM_ClearOC1Ref                          0x08004b5f   Thumb Code    16  stm32f10x_tim.o(.text)
    TIM_ClearOC2Ref                          0x08004b6f   Thumb Code    18  stm32f10x_tim.o(.text)
    TIM_ClearOC3Ref                          0x08004b81   Thumb Code    16  stm32f10x_tim.o(.text)
    TIM_ClearOC4Ref                          0x08004b91   Thumb Code    18  stm32f10x_tim.o(.text)
    TIM_OC1PolarityConfig                    0x08004ba3   Thumb Code    16  stm32f10x_tim.o(.text)
    TIM_OC1NPolarityConfig                   0x08004bb3   Thumb Code    16  stm32f10x_tim.o(.text)
    TIM_OC2PolarityConfig                    0x08004bc3   Thumb Code    20  stm32f10x_tim.o(.text)
    TIM_OC2NPolarityConfig                   0x08004bd7   Thumb Code    20  stm32f10x_tim.o(.text)
    TIM_OC3PolarityConfig                    0x08004beb   Thumb Code    20  stm32f10x_tim.o(.text)
    TIM_OC3NPolarityConfig                   0x08004bff   Thumb Code    20  stm32f10x_tim.o(.text)
    TIM_OC4PolarityConfig                    0x08004c13   Thumb Code    20  stm32f10x_tim.o(.text)
    TIM_CCxCmd                               0x08004c27   Thumb Code    30  stm32f10x_tim.o(.text)
    TIM_CCxNCmd                              0x08004c45   Thumb Code    30  stm32f10x_tim.o(.text)
    TIM_SelectOCxM                           0x08004c63   Thumb Code   142  stm32f10x_tim.o(.text)
    TIM_UpdateDisableConfig                  0x08004cf1   Thumb Code    24  stm32f10x_tim.o(.text)
    TIM_UpdateRequestConfig                  0x08004d09   Thumb Code    24  stm32f10x_tim.o(.text)
    TIM_SelectHallSensor                     0x08004d21   Thumb Code    24  stm32f10x_tim.o(.text)
    TIM_SelectOnePulseMode                   0x08004d39   Thumb Code    18  stm32f10x_tim.o(.text)
    TIM_SelectOutputTrigger                  0x08004d4b   Thumb Code    18  stm32f10x_tim.o(.text)
    TIM_SelectSlaveMode                      0x08004d5d   Thumb Code    18  stm32f10x_tim.o(.text)
    TIM_SelectMasterSlaveMode                0x08004d6f   Thumb Code    18  stm32f10x_tim.o(.text)
    TIM_SetCounter                           0x08004d81   Thumb Code     4  stm32f10x_tim.o(.text)
    TIM_SetAutoreload                        0x08004d85   Thumb Code     4  stm32f10x_tim.o(.text)
    TIM_SetCompare1                          0x08004d89   Thumb Code     4  stm32f10x_tim.o(.text)
    TIM_SetCompare2                          0x08004d8d   Thumb Code     4  stm32f10x_tim.o(.text)
    TIM_SetCompare3                          0x08004d91   Thumb Code     4  stm32f10x_tim.o(.text)
    TIM_SetCompare4                          0x08004d95   Thumb Code     6  stm32f10x_tim.o(.text)
    TIM_SetClockDivision                     0x08004d9b   Thumb Code    14  stm32f10x_tim.o(.text)
    TIM_GetCapture1                          0x08004da9   Thumb Code     6  stm32f10x_tim.o(.text)
    TIM_GetCapture2                          0x08004daf   Thumb Code     6  stm32f10x_tim.o(.text)
    TIM_GetCapture3                          0x08004db5   Thumb Code     6  stm32f10x_tim.o(.text)
    TIM_GetCapture4                          0x08004dbb   Thumb Code     8  stm32f10x_tim.o(.text)
    TIM_GetCounter                           0x08004dc3   Thumb Code     6  stm32f10x_tim.o(.text)
    TIM_GetPrescaler                         0x08004dc9   Thumb Code     6  stm32f10x_tim.o(.text)
    TIM_GetFlagStatus                        0x08004dcf   Thumb Code    18  stm32f10x_tim.o(.text)
    TIM_ClearFlag                            0x08004de1   Thumb Code     6  stm32f10x_tim.o(.text)
    TIM_GetITStatus                          0x08004de7   Thumb Code    34  stm32f10x_tim.o(.text)
    TIM_ClearITPendingBit                    0x08004e09   Thumb Code     6  stm32f10x_tim.o(.text)
    SystemInit                               0x08004ed7   Thumb Code    68  system_stm32f10x.o(.text)
    NVIC_Configuration                       0x08004f2d   Thumb Code    62  bsp.o(.text)
    BSP_Init                                 0x08004f6b   Thumb Code    20  bsp.o(.text)
    SysTick_init                             0x08004f7f   Thumb Code    78  bsp.o(.text)
    OS_StrCopy                               0x08004fdd   Thumb Code    28  os_core.o(.text)
    OSEventNameGet                           0x08004ff9   Thumb Code   126  os_core.o(.text)
    OS_StrLen                                0x08005077   Thumb Code    20  os_core.o(.text)
    OSEventNameSet                           0x0800508b   Thumb Code   138  os_core.o(.text)
    OS_TaskIdle                              0x08005115   Thumb Code    34  os_core.o(.text)
    OS_MemClr                                0x08005165   Thumb Code    18  os_core.o(.text)
    OSInit                                   0x08005247   Thumb Code    32  os_core.o(.text)
    OSIntEnter                               0x08005267   Thumb Code    28  os_core.o(.text)
    OSIntExit                                0x0800529d   Thumb Code   100  os_core.o(.text)
    OSSchedLock                              0x08005301   Thumb Code    50  os_core.o(.text)
    OS_Sched                                 0x08005333   Thumb Code    74  os_core.o(.text)
    OSSchedUnlock                            0x0800537d   Thumb Code    84  os_core.o(.text)
    OSStart                                  0x080053d1   Thumb Code   132  os_core.o(.text)
    OSTimeTick                               0x08005455   Thumb Code   210  os_core.o(.text)
    OSVersion                                0x08005527   Thumb Code     6  os_core.o(.text)
    OS_EventTaskRemove                       0x0800552d   Thumb Code    42  os_core.o(.text)
    OS_EventTaskRdy                          0x08005557   Thumb Code   124  os_core.o(.text)
    OS_EventTaskWait                         0x080055d3   Thumb Code   112  os_core.o(.text)
    OS_EventWaitListInit                     0x08005643   Thumb Code    28  os_core.o(.text)
    OS_MemCopy                               0x0800565f   Thumb Code    20  os_core.o(.text)
    OS_TaskStatStkChk                        0x08005673   Thumb Code    38  os_core.o(.text)
    OS_TCBInit                               0x08005699   Thumb Code   268  os_core.o(.text)
    OSSemAccept                              0x080057d1   Thumb Code    50  os_sem.o(.text)
    OSSemCreate                              0x08005803   Thumb Code    78  os_sem.o(.text)
    OSSemDel                                 0x08005851   Thumb Code   230  os_sem.o(.text)
    OSSemPend                                0x08005937   Thumb Code   238  os_sem.o(.text)
    OSSemPendAbort                           0x08005a25   Thumb Code   142  os_sem.o(.text)
    OSSemPost                                0x08005ab3   Thumb Code    94  os_sem.o(.text)
    OSSemQuery                               0x08005b11   Thumb Code    94  os_sem.o(.text)
    OSSemSet                                 0x08005b6f   Thumb Code    78  os_sem.o(.text)
    OSTaskChangePrio                         0x08005bcd   Thumb Code   350  os_task.o(.text)
    OSTaskCreate                             0x08005d2b   Thumb Code   158  os_task.o(.text)
    OS_TaskStkClr                            0x08005dc9   Thumb Code    26  os_task.o(.text)
    OSTaskCreateExt                          0x08005de3   Thumb Code   184  os_task.o(.text)
    OSTaskStkChk                             0x08005e9b   Thumb Code   152  os_task.o(.text)
    OSTimeDly                                0x08005f4d   Thumb Code    94  os_time.o(.text)
    OSTimeDlyHMSM                            0x08005fab   Thumb Code   158  os_time.o(.text)
    OSTimeDlyResume                          0x08006049   Thumb Code   168  os_time.o(.text)
    OSTimeGet                                0x080060f1   Thumb Code    24  os_time.o(.text)
    OSTimeSet                                0x08006109   Thumb Code    24  os_time.o(.text)
    OS_CPU_SR_Save                           0x08006139   Thumb Code     0  os_cpu_a.o(.text)
    OS_CPU_SR_Restore                        0x08006141   Thumb Code     0  os_cpu_a.o(.text)
    OSStartHighRdy                           0x08006147   Thumb Code     0  os_cpu_a.o(.text)
    OSCtxSw                                  0x08006167   Thumb Code     0  os_cpu_a.o(.text)
    OSIntCtxSw                               0x08006171   Thumb Code     0  os_cpu_a.o(.text)
    OS_CPU_PendSVHandler                     0x0800617b   Thumb Code     0  os_cpu_a.o(.text)
    OSInitHookBegin                          0x080061dd   Thumb Code     2  os_cpu_c.o(.text)
    OSInitHookEnd                            0x080061df   Thumb Code     2  os_cpu_c.o(.text)
    OSTaskCreateHook                         0x080061e1   Thumb Code     2  os_cpu_c.o(.text)
    OSTaskDelHook                            0x080061e3   Thumb Code     2  os_cpu_c.o(.text)
    OSTaskIdleHook                           0x080061e5   Thumb Code     2  os_cpu_c.o(.text)
    OSTaskStatHook                           0x080061e7   Thumb Code     2  os_cpu_c.o(.text)
    OSTaskStkInit                            0x080061e9   Thumb Code   154  os_cpu_c.o(.text)
    OSTaskSwHook                             0x08006283   Thumb Code     2  os_cpu_c.o(.text)
    OSTCBInitHook                            0x08006285   Thumb Code     2  os_cpu_c.o(.text)
    OSTimeTickHook                           0x08006287   Thumb Code     2  os_cpu_c.o(.text)
    SetSms                                   0x08006289   Thumb Code     6  gprsctrl.o(.text)
    AtCmdRecv                                0x0800628f   Thumb Code   198  gprsctrl.o(.text)
    SendAtCmd                                0x08006355   Thumb Code   184  gprsctrl.o(.text)
    M35PowerOn                               0x08006431   Thumb Code     8  m35gprs.o(.text)
    M35PowerOff                              0x08006439   Thumb Code    10  m35gprs.o(.text)
    M35Init                                  0x08006443   Thumb Code    56  m35gprs.o(.text)
    M35GetSig                                0x0800647b   Thumb Code    94  m35gprs.o(.text)
    M35DialOn                                0x080065cd   Thumb Code   568  m35gprs.o(.text)
    M35DialOnTest                            0x08006805   Thumb Code   784  m35gprs.o(.text)
    M35LineState                             0x08006b15   Thumb Code    64  m35gprs.o(.text)
    GetGprsStat                              0x08006b55   Thumb Code    82  m35gprs.o(.text)
    M35TCPState                              0x08006ba7   Thumb Code    20  m35gprs.o(.text)
    M35DialOff                               0x08006bbb   Thumb Code    38  m35gprs.o(.text)
    M35SetApn                                0x08006be1   Thumb Code    30  m35gprs.o(.text)
    M35SetUserPwd                            0x08006bff   Thumb Code    52  m35gprs.o(.text)
    M35SetMsgCenterNo                        0x08006c33   Thumb Code   150  m35gprs.o(.text)
    M35SendMessage                           0x08006cc9   Thumb Code   308  m35gprs.o(.text)
    unPirseSms                               0x08006dfd   Thumb Code   170  m35gprs.o(.text)
    M35RecvMessage                           0x08006ea7   Thumb Code   112  m35gprs.o(.text)
    M35Mode                                  0x08006f17   Thumb Code    10  m35gprs.o(.text)
    M35Disconnect                            0x08006f21   Thumb Code    36  m35gprs.o(.text)
    M35Connect                               0x08006f45   Thumb Code   486  m35gprs.o(.text)
    M35RawSend                               0x0800712b   Thumb Code   556  m35gprs.o(.text)
    M35GetChar                               0x08007357   Thumb Code   586  m35gprs.o(.text)
    M35Dns                                   0x080075d3   Thumb Code   724  m35gprs.o(.text)
    SysClockRead                             0x080078b9   Thumb Code    14  time.o(.text)
    SysClockSet                              0x080078c7   Thumb Code    14  time.o(.text)
    SysClockToUTime                          0x080078d5   Thumb Code    16  time.o(.text)
    UTimeToSysClock                          0x080078e5   Thumb Code    16  time.o(.text)
    SysClockDifference                       0x080078f5   Thumb Code    34  time.o(.text)
    UTimeAdd                                 0x08007917   Thumb Code   196  time.o(.text)
    SysClockReadCurrent                      0x080079db   Thumb Code    12  time.o(.text)
    UTimeReadCurrent                         0x080079e7   Thumb Code     8  time.o(.text)
    UTimeFormat                              0x080079ef   Thumb Code    56  time.o(.text)
    SysClockFormat                           0x08007a27   Thumb Code    34  time.o(.text)
    StartTimeMeasure                         0x08007a49   Thumb Code     2  time.o(.text)
    StopTimeMeasure                          0x08007a4b   Thumb Code     4  time.o(.text)
    StopTimeMeasureFormat                    0x08007a4f   Thumb Code     4  time.o(.text)
    GetClockSysStart                         0x08007a53   Thumb Code    44  time.o(.text)
    ReadExternSysClock                       0x08007a7f   Thumb Code    14  time.o(.text)
    SysTimeInit                              0x08007a8d   Thumb Code    44  time.o(.text)
    PrintLog                                 0x08007aed   Thumb Code    50  log.o(.text)
    PrintHexLog                              0x08007b1f   Thumb Code   152  log.o(.text)
    PrintErrorLog                            0x08007bb7   Thumb Code   110  log.o(.text)
    smallcpy                                 0x08007c25   Thumb Code    26  log.o(.text)
    FindStr                                  0x08007c3f   Thumb Code    50  log.o(.text)
    hex_to_char                              0x08007ca9   Thumb Code    28  fun.o(.text)
    char_to_hex                              0x08007cc5   Thumb Code    48  fun.o(.text)
    bcdtohex                                 0x08007cf5   Thumb Code    20  fun.o(.text)
    hextobcd                                 0x08007d09   Thumb Code    26  fun.o(.text)
    isbcd                                    0x08007d23   Thumb Code    42  fun.o(.text)
    string_to_hex                            0x08007d4d   Thumb Code    68  fun.o(.text)
    string_to_bcd                            0x08007d91   Thumb Code    64  fun.o(.text)
    sleep                                    0x08007dd1   Thumb Code    24  sleep.o(.text)
    mutex_init                               0x08007de9   Thumb Code    20  mutex.o(.text)
    mutex_create                             0x08007dfd   Thumb Code    58  mutex.o(.text)
    mutex_unlock                             0x08007e37   Thumb Code   108  mutex.o(.text)
    mutex_lock                               0x08007ea3   Thumb Code   124  mutex.o(.text)
    GetAppStartSeconds                       0x08007f91   Thumb Code     6  timer.o(.text)
    task_sysTimerTask                        0x08008111   Thumb Code   116  timer.o(.text)
    SysSetFastRoutine                        0x08008185   Thumb Code     8  timer.o(.text)
    SysAddCTimer                             0x0800818d   Thumb Code   172  timer.o(.text)
    SysStopCTimer                            0x08008239   Thumb Code    66  timer.o(.text)
    SysClearCTimer                           0x0800827b   Thumb Code    60  timer.o(.text)
    SysRecalAllCTimer                        0x080082b7   Thumb Code    40  timer.o(.text)
    SysRecalRTimer                           0x08008405   Thumb Code    56  timer.o(.text)
    SysRecalAllRTimer                        0x0800843d   Thumb Code    48  timer.o(.text)
    SysInitRTimerConf                        0x0800846d   Thumb Code    14  timer.o(.text)
    SysAddRTimer                             0x0800847b   Thumb Code   272  timer.o(.text)
    SysStopRTimer                            0x0800858b   Thumb Code    52  timer.o(.text)
    RunTimeThread                            0x080085bf   Thumb Code    60  timer.o(.text)
    SysTimerInit                             0x080085fb   Thumb Code    78  timer.o(.text)
    shell_timerinfo                          0x08008649   Thumb Code   200  timer.o(.text)
    SysInitEvent                             0x08008815   Thumb Code     6  event.o(.text)
    SysWaitEvent                             0x0800881b   Thumb Code    26  event.o(.text)
    SysSendEvent                             0x08008835   Thumb Code     8  event.o(.text)
    GprsInit                                 0x0800883d   Thumb Code    12  plat_gprs.o(.text)
    GprsPowerOff                             0x08008849   Thumb Code    10  plat_gprs.o(.text)
    GprsPowerOn                              0x08008853   Thumb Code     8  plat_gprs.o(.text)
    GprsDialOn                               0x0800885b   Thumb Code     8  plat_gprs.o(.text)
    GprsDialOff                              0x08008863   Thumb Code     8  plat_gprs.o(.text)
    GprsGetSig                               0x0800886b   Thumb Code     8  plat_gprs.o(.text)
    GprsSetApn                               0x08008873   Thumb Code    12  plat_gprs.o(.text)
    GprsSendMessage                          0x0800887f   Thumb Code    20  plat_gprs.o(.text)
    GprsRecvMessage                          0x08008893   Thumb Code    88  plat_gprs.o(.text)
    GprsGetModuleState                       0x080088eb   Thumb Code     6  plat_gprs.o(.text)
    GprsGetRingState                         0x080088f1   Thumb Code     6  plat_gprs.o(.text)
    GprsSetUserPwd                           0x080088f7   Thumb Code     2  plat_gprs.o(.text)
    GprsSetMsgCenterNo                       0x080088f9   Thumb Code     8  plat_gprs.o(.text)
    GprsSetCmux                              0x08008901   Thumb Code     4  plat_gprs.o(.text)
    GprsGetApn                               0x08008905   Thumb Code     4  plat_gprs.o(.text)
    GprsGetMode                              0x08008909   Thumb Code     4  plat_gprs.o(.text)
    GprsGetIP                                0x0800890d   Thumb Code     4  plat_gprs.o(.text)
    GprsSigqualityF                          0x08008911   Thumb Code     4  plat_gprs.o(.text)
    GprsLineState                            0x08008915   Thumb Code     8  plat_gprs.o(.text)
    GprsTcpState                             0x0800891d   Thumb Code     8  plat_gprs.o(.text)
    GprsDns                                  0x08008925   Thumb Code    16  plat_gprs.o(.text)
    NetCreateSocket                          0x0800895d   Thumb Code    26  network.o(.text)
    NetSetSocketBlockMode                    0x08008977   Thumb Code     8  network.o(.text)
    NetConnectHost                           0x0800897f   Thumb Code    30  network.o(.text)
    NetBindPort                              0x0800899d   Thumb Code     8  network.o(.text)
    NetListen                                0x080089a5   Thumb Code     8  network.o(.text)
    NetAcceptConnect                         0x080089ad   Thumb Code     8  network.o(.text)
    NetSendtoData                            0x080089b5   Thumb Code    12  network.o(.text)
    NetRecvfromData                          0x080089c1   Thumb Code    12  network.o(.text)
    NetSendData                              0x080089cd   Thumb Code    32  network.o(.text)
    NetRecvData                              0x080089ed   Thumb Code    32  network.o(.text)
    NetCloseSocket                           0x08008a0d   Thumb Code    26  network.o(.text)
    platpara_init                            0x08008a2d   Thumb Code    78  platpara.o(.text)
    platpara_read                            0x08008a7b   Thumb Code    54  platpara.o(.text)
    platpara_write                           0x08008ab1   Thumb Code    82  platpara.o(.text)
    RingInit                                 0x08008b0d   Thumb Code    54  ring.o(.text)
    RingClear                                0x08008b43   Thumb Code    12  ring.o(.text)
    RingSet                                  0x08008b4f   Thumb Code    52  ring.o(.text)
    RingPeek                                 0x08008b83   Thumb Code    22  ring.o(.text)
    RingPop                                  0x08008b99   Thumb Code    52  ring.o(.text)
    RingLength                               0x08008bcd   Thumb Code     6  ring.o(.text)
    RingSetBuffer                            0x08008bd3   Thumb Code    30  ring.o(.text)
    RingGetBuffer                            0x08008bf1   Thumb Code    54  ring.o(.text)
    PlatInit                                 0x08008c31   Thumb Code    34  plat_init.o(.text)
    ShellCmdRig                              0x08008c55   Thumb Code    86  shell.o(.text)
    FindShellFunc                            0x08008cab   Thumb Code    80  shell.o(.text)
    ShellParseArg                            0x08008cfb   Thumb Code   104  shell.o(.text)
    ShellCmdInit                             0x08008d9d   Thumb Code    18  shell.o(.text)
    TtyShellStart                            0x08008e9f   Thumb Code    34  ttyshell.o(.text)
    shell_cms_init                           0x080095b3   Thumb Code   162  shellcmds.o(.text)
    Dl2007ConverItemid                       0x080096d1   Thumb Code    32  dd645_2007.o(.text)
    Dl2007LongId                             0x080096f1   Thumb Code    30  dd645_2007.o(.text)
    Dl2007MakeReadPktRaw                     0x0800970f   Thumb Code   176  dd645_2007.o(.text)
    Dl2007MakeReadPkt                        0x080097bf   Thumb Code   226  dd645_2007.o(.text)
    Dl2007MakeWritePkt                       0x080098a1   Thumb Code   306  dd645_2007.o(.text)
    Dl2007MakeWritePktRaw                    0x080099d3   Thumb Code   192  dd645_2007.o(.text)
    Dl2007MakeChkTimePkt                     0x08009a93   Thumb Code   400  dd645_2007.o(.text)
    Dl2007CheckRead                          0x08009c23   Thumb Code   610  dd645_2007.o(.text)
    Dl2007CheckWrite                         0x08009e85   Thumb Code   152  dd645_2007.o(.text)
    SepDl2007MakeReadPkt                     0x08009f1d   Thumb Code   276  dd645_2007.o(.text)
    SepDl2007CheckRead                       0x0800a031   Thumb Code   314  dd645_2007.o(.text)
    SepDl2007CheckFrame                      0x0800a16b   Thumb Code   204  dd645_2007.o(.text)
    Int2Str                                  0x0800a239   Thumb Code    84  ymodem.o(.text)
    Str2Int                                  0x0800a28d   Thumb Code   258  ymodem.o(.text)
    Ymodem_Receive                           0x0800a48b   Thumb Code   542  ymodem.o(.text)
    SysClearCurrentTaskState                 0x0800a6a9   Thumb Code    22  task.o(.text)
    SysCheckTaskState                        0x0800a6bf   Thumb Code   106  task.o(.text)
    SysInitTaskState                         0x0800a729   Thumb Code    14  task.o(.text)
    SysCurrentTaskName                       0x0800a737   Thumb Code    22  task.o(.text)
    SysGetTaskName                           0x0800a74d   Thumb Code    16  task.o(.text)
    SysSetTaskName                           0x0800a75d   Thumb Code    14  task.o(.text)
    Uart_NVIC_Init                           0x0800a7b9   Thumb Code    34  usart.o(.text)
    USART1_Configuration                     0x0800a7db   Thumb Code   176  usart.o(.text)
    USART2_Configuration                     0x0800a88b   Thumb Code   164  usart.o(.text)
    USART3_Configuration                     0x0800a92f   Thumb Code   168  usart.o(.text)
    USART4_Configuration                     0x0800a9d7   Thumb Code   182  usart.o(.text)
    USART5_Configuration                     0x0800aa8d   Thumb Code   180  usart.o(.text)
    UartIsr                                  0x0800ab41   Thumb Code   266  usart.o(.text)
    USART1_IRQHandler                        0x0800ac4b   Thumb Code    18  usart.o(.text)
    USART2_IRQHandler                        0x0800ac5d   Thumb Code    18  usart.o(.text)
    USART3_IRQHandler                        0x0800ac6f   Thumb Code    18  usart.o(.text)
    UART4_IRQHandler                         0x0800ac81   Thumb Code    18  usart.o(.text)
    UART5_IRQHandler                         0x0800ac93   Thumb Code    18  usart.o(.text)
    UartOpen                                 0x0800aca5   Thumb Code    88  usart.o(.text)
    UartClose                                0x0800acfd   Thumb Code    20  usart.o(.text)
    UartSetPara                              0x0800ad11   Thumb Code   130  usart.o(.text)
    UartRecvData                             0x0800ad93   Thumb Code    92  usart.o(.text)
    UartSendData                             0x0800adef   Thumb Code   104  usart.o(.text)
    SetDebugPort                             0x0800ae57   Thumb Code     8  usart.o(.text)
    UartClearRecive                          0x0800ae5f   Thumb Code    24  usart.o(.text)
    UartRecvDataLength                       0x0800ae77   Thumb Code    18  usart.o(.text)
    DebugInit                                0x0800ae89   Thumb Code    36  usart.o(.text)
    fputc                                    0x0800aead   Thumb Code    22  usart.o(.text)
    fgetc                                    0x0800aec3   Thumb Code    50  usart.o(.text)
    PError                                   0x0800aef5   Thumb Code    62  usart.o(.text)
    Tick                                     0x0800af39   Thumb Code    12  rtc.o(.text)
    rtc_update                               0x0800af45   Thumb Code     2  rtc.o(.text)
    utime_to_sysclock                        0x0800af47   Thumb Code   192  rtc.o(.text)
    ExtClockRead                             0x0800b007   Thumb Code    18  rtc.o(.text)
    sysclock_read                            0x0800b019   Thumb Code    16  rtc.o(.text)
    utime_read                               0x0800b029   Thumb Code     6  rtc.o(.text)
    sysclock_to_utime                        0x0800b02f   Thumb Code   112  rtc.o(.text)
    sysclock_set                             0x0800b09f   Thumb Code    18  rtc.o(.text)
    led_init                                 0x0800b0b9   Thumb Code    42  switch.o(.text)
    Signel_led_init                          0x0800b0e3   Thumb Code    46  switch.o(.text)
    Signel_led                               0x0800b111   Thumb Code   150  switch.o(.text)
    shining_led                              0x0800b1a7   Thumb Code   190  switch.o(.text)
    Signel_red_led                           0x0800b265   Thumb Code    28  switch.o(.text)
    Signel_green_led                         0x0800b281   Thumb Code    28  switch.o(.text)
    LedLongShining                           0x0800b29d   Thumb Code     8  switch.o(.text)
    gprs_vcc_off                             0x0800b2a5   Thumb Code    14  switch.o(.text)
    gprs_switch_init                         0x0800b2b3   Thumb Code    44  switch.o(.text)
    gprs_vcc_on                              0x0800b2df   Thumb Code    14  switch.o(.text)
    watchdog_feed                            0x0800b2ed   Thumb Code     8  switch.o(.text)
    SysReset                                 0x0800b2f5   Thumb Code    40  switch.o(.text)
    SysHalt                                  0x0800b31d   Thumb Code    14  switch.o(.text)
    watchdog_init                            0x0800b32b   Thumb Code    34  switch.o(.text)
    PlcRest                                  0x0800b34d   Thumb Code    66  switch.o(.text)
    Shining485Led                            0x0800b38f   Thumb Code    20  switch.o(.text)
    Close485Led                              0x0800b3a3   Thumb Code    46  switch.o(.text)
    Set485Led                                0x0800b3d1   Thumb Code    30  switch.o(.text)
    LineStateInit                            0x0800b3ef   Thumb Code    90  switch.o(.text)
    UpdateLineStateInit                      0x0800b449   Thumb Code    32  switch.o(.text)
    f_read                                   0x0800b4b9   Thumb Code    90  flash.o(.text)
    f_program                                0x0800b513   Thumb Code    60  flash.o(.text)
    f2_read                                  0x0800b54f   Thumb Code    60  flash.o(.text)
    f2_write                                 0x0800b58b   Thumb Code    82  flash.o(.text)
    w25x64_init                              0x0800b5dd   Thumb Code   154  w25x64.o(.text)
    SPI_FLASH_SendByte                       0x0800b677   Thumb Code    50  w25x64.o(.text)
    w25x64_read                              0x0800b6c3   Thumb Code    90  w25x64.o(.text)
    SPI_FLASH_WaitForWriteEnd                0x0800b71d   Thumb Code    46  w25x64.o(.text)
    w25x64_sector_erase                      0x0800b74b   Thumb Code    68  w25x64.o(.text)
    SPI_FLASH_BulkErase                      0x0800b78f   Thumb Code    34  w25x64.o(.text)
    w25x64_program                           0x0800b7b1   Thumb Code   120  w25x64.o(.text)
    Stm32RtcInit                             0x0800b835   Thumb Code   102  stm32rtc.o(.text)
    TIM2_IRQHandler                          0x0800b89b   Thumb Code    26  stm32rtc.o(.text)
    CtrlCommand                              0x0800b983   Thumb Code   416  ctrlcmd.o(.text)
    ClearKeepAlive                           0x0800bb6d   Thumb Code    24  keepalive.o(.text)
    KeepAliveInPeriod                        0x0800bb85   Thumb Code    18  keepalive.o(.text)
    CheckinActivePeriod                      0x0800bb97   Thumb Code    36  keepalive.o(.text)
    KeepAliveProc                            0x0800bbbb   Thumb Code   226  keepalive.o(.text)
    RefreshKeepAlive                         0x0800bc9d   Thumb Code    50  keepalive.o(.text)
    SetKeepAlive                             0x0800bccf   Thumb Code    24  keepalive.o(.text)
    InitSvrCommNoteIdList                    0x0800bd11   Thumb Code     2  svrcomm.o(.text)
    SvrCommPeekEvent                         0x0800bd13   Thumb Code    20  svrcomm.o(.text)
    SvrCommPeekNoteid                        0x0800bd27   Thumb Code    26  svrcomm.o(.text)
    SvrCommRemoveNoteid                      0x0800bd41   Thumb Code    32  svrcomm.o(.text)
    SvrCommNote                              0x0800bd61   Thumb Code    44  svrcomm.o(.text)
    SvrConnectNote                           0x0800bd8d   Thumb Code    12  svrcomm.o(.text)
    SvrAlermNote                             0x0800bd99   Thumb Code    12  svrcomm.o(.text)
    DataTaskCls1ReInit                       0x0800bdbd   Thumb Code   270  svrcomm.o(.text)
    SendSmsMessage                           0x0800beef   Thumb Code    24  svrcomm.o(.text)
    SendUserSmsMessage                       0x0800bf07   Thumb Code    24  svrcomm.o(.text)
    GetSmsMessage                            0x0800bf1f   Thumb Code     6  svrcomm.o(.text)
    GetUserSmsMessage                        0x0800bf25   Thumb Code     6  svrcomm.o(.text)
    CallCsq                                  0x0800bf2b   Thumb Code    12  svrcomm.o(.text)
    SvrNoteProc                              0x0800c025   Thumb Code    34  svrcomm.o(.text)
    SvrCommTask                              0x0800c047   Thumb Code    74  svrcomm.o(.text)
    SvrCommHaveTask                          0x0800c091   Thumb Code    16  svrcomm.o(.text)
    GetQueryCache                            0x0800c179   Thumb Code   158  svrmsg.o(.text)
    ClearQueryCache                          0x0800c217   Thumb Code    14  svrmsg.o(.text)
    QueryCacheLock                           0x0800c225   Thumb Code     2  svrmsg.o(.text)
    QueryCacheUnlock                         0x0800c227   Thumb Code     2  svrmsg.o(.text)
    SvrEchoSend                              0x0800c229   Thumb Code   334  svrmsg.o(.text)
    SvrEchoNoData                            0x0800c377   Thumb Code    44  svrmsg.o(.text)
    QueryDataClassTwo                        0x0800cc0d   Thumb Code     8  svrmsg.o(.text)
    DlmsForward                              0x0800cc15   Thumb Code    16  svrmsg.o(.text)
    SvrMessageDlms                           0x0800cc5f   Thumb Code   120  svrmsg.o(.text)
    SvrMessageProc                           0x0800ccd7   Thumb Code   602  svrmsg.o(.text)
    IsSvrMsgAfn                              0x0800cf31   Thumb Code    28  svrmsg.o(.text)
    SvrSelfTranFile                          0x0800d5a5   Thumb Code    72  tranfile.o(.text)
    SvrSelfTranFileInit                      0x0800d5ed   Thumb Code    14  tranfile.o(.text)
    UplinkClearState                         0x0800d79b   Thumb Code    66  uplink_dl.o(.text)
    UplinkRecv376Pkt                         0x0800d88f   Thumb Code   380  uplink_dl.o(.text)
    UplinkRecvDlmsPkt                        0x0800da0b   Thumb Code   480  uplink_dl.o(.text)
    UplinkRecvPkt                            0x0800dbeb   Thumb Code   208  uplink_dl.o(.text)
    UplinkSendPkt                            0x0800dcbb   Thumb Code   130  uplink_dl.o(.text)
    UplinkActiveSend                         0x0800debd   Thumb Code    96  uplink_dl.o(.text)
    UplinkLogon                              0x0800df1d   Thumb Code   272  uplink_dl.o(.text)
    UplinkLinkTest                           0x0800e02d   Thumb Code   160  uplink_dl.o(.text)
    BcdToUnsigned                            0x0800e129   Thumb Code    44  bcd.o(.text)
    UnsignedToBcd                            0x0800e155   Thumb Code    76  bcd.o(.text)
    BcdToInt                                 0x0800e1a1   Thumb Code   106  bcd.o(.text)
    IntToBcd                                 0x0800e20b   Thumb Code   120  bcd.o(.text)
    HexToBcd                                 0x0800e283   Thumb Code    52  bcd.o(.text)
    BcdToHex                                 0x0800e2b7   Thumb Code    36  bcd.o(.text)
    BcdToString                              0x0800e2db   Thumb Code    68  bcd.o(.text)
    GprsDevInit                              0x0800e321   Thumb Code    24  gprs_dev.o(.text)
    GprsGetName                              0x0800e339   Thumb Code     2  gprs_dev.o(.text)
    GprsUpdSigAmp                            0x0800e33b   Thumb Code    28  gprs_dev.o(.text)
    GprsRestart                              0x0800e36b   Thumb Code    36  gprs_dev.o(.text)
    GprsCheck                                0x0800e38f   Thumb Code    20  gprs_dev.o(.text)
    GprsDail                                 0x0800e3a3   Thumb Code   100  gprs_dev.o(.text)
    GprsDailOff                              0x0800e407   Thumb Code    10  gprs_dev.o(.text)
    GprsConnect                              0x0800e411   Thumb Code   278  gprs_dev.o(.text)
    GprsDisConnect                           0x0800e527   Thumb Code    38  gprs_dev.o(.text)
    GprsRing                                 0x0800e54d   Thumb Code     6  gprs_dev.o(.text)
    GprsDectectLine                          0x0800e553   Thumb Code     2  gprs_dev.o(.text)
    GprsGetChar                              0x0800e555   Thumb Code   100  gprs_dev.o(.text)
    GprsRawSend                              0x0800e5b9   Thumb Code    20  gprs_dev.o(.text)
    GprsCheckTime                            0x0800e5cd   Thumb Code     2  gprs_dev.o(.text)
    StrToIp                                  0x0800e5cf   Thumb Code    96  gprs_dev.o(.text)
    UnPackSmsCmd                             0x0800e6a5   Thumb Code   544  gprs_dev.o(.text)
    TestChar                                 0x0800e8c5   Thumb Code    42  gprs_dev.o(.text)
    DoSms                                    0x0800e8f1   Thumb Code   716  gprs_task.o(.text)
    ReTryConnect                             0x0800ef57   Thumb Code    80  gprs_task.o(.text)
    GprsTask                                 0x0800f425   Thumb Code     8  gprs_task.o(.text)
    SendSmsTest                              0x0800f42d   Thumb Code    22  gprs_task.o(.text)
    LoadParaMeter                            0x0800f539   Thumb Code    38  meter.o(.text)
    SaveParaMeter                            0x0800f55f   Thumb Code    32  meter.o(.text)
    ParaOperationF10                         0x0800f57f   Thumb Code   668  meter.o(.text)
    ParaOperationZero                        0x0800f8e1   Thumb Code    30  operation.o(.text)
    ParaOperationZero2                       0x0800f8ff   Thumb Code    46  operation.o(.text)
    SetSaveParamFlag                         0x0800f92d   Thumb Code    12  operation.o(.text)
    WriteParam                               0x0800f939   Thumb Code   462  operation.o(.text)
    ReadParam                                0x0800fb07   Thumb Code   664  operation.o(.text)
    ClearSaveParamFlag                       0x0800fd9f   Thumb Code     8  operation.o(.text)
    ClearAllData                             0x0800fda7   Thumb Code     2  operation.o(.text)
    SaveCleanData                            0x0800fda9   Thumb Code     2  operation.o(.text)
    ClearAllParam                            0x0800fdab   Thumb Code    32  operation.o(.text)
    ClearFactoryParam                        0x0800fdcb   Thumb Code     8  operation.o(.text)
    LoadParaComb2                            0x0800fdd9   Thumb Code    40  param_init.o(.text)
    ParamInit                                0x0800fe29   Thumb Code    22  param_init.o(.text)
    LoadDefParaTerm                          0x0800febd   Thumb Code   200  term.o(.text)
    LoadDefParaTerm2                         0x0800ff85   Thumb Code   158  term.o(.text)
    LoadParaTerm                             0x08010023   Thumb Code    58  term.o(.text)
    SetParaNetAddr                           0x0801005d   Thumb Code    34  term.o(.text)
    SaveParaTerm                             0x0801007f   Thumb Code    38  term.o(.text)
    ParaOperationF1                          0x080100a5   Thumb Code    48  term.o(.text)
    ParaOperationF2                          0x080100d5   Thumb Code    58  term.o(.text)
    ParaOperationF4                          0x0801010f   Thumb Code    52  term.o(.text)
    ParaOperationF5                          0x08010143   Thumb Code    52  term.o(.text)
    ParaOperationF3                          0x08010177   Thumb Code    60  term.o(.text)
    ParaOperationF7                          0x080101b3   Thumb Code   632  term.o(.text)
    ParaOperationF8                          0x0801042b   Thumb Code   284  term.o(.text)
    ParaOperationF16                         0x08010547   Thumb Code    52  term.o(.text)
    LoadDefParaUni                           0x08010581   Thumb Code   114  unique.o(.text)
    LoadDefParaUni2                          0x080105f3   Thumb Code    90  unique.o(.text)
    LoadParaUni                              0x0801064d   Thumb Code    46  unique.o(.text)
    SaveParaUni                              0x0801067b   Thumb Code    34  unique.o(.text)
    ParaOperationF85                         0x0801069d   Thumb Code    52  unique.o(.text)
    ParaOperationF161                        0x080106d1   Thumb Code   106  unique.o(.text)
    ParaOperationF169                        0x0801073b   Thumb Code    44  unique.o(.text)
    ParaOperationF171                        0x08010767   Thumb Code    54  unique.o(.text)
    ParaOperationF170                        0x080107bb   Thumb Code   110  unique.o(.text)
    ParaOperationF240                        0x08010829   Thumb Code    52  unique.o(.text)
    GetUserPhoneNumber                       0x0801085d   Thumb Code     6  unique.o(.text)
    ClearRunState                            0x08010915   Thumb Code    12  runstate.o(.text)
    IsSelfReboot                             0x08010921   Thumb Code     6  runstate.o(.text)
    RunStateInit                             0x08010927   Thumb Code    60  runstate.o(.text)
    SaveRunState                             0x08010963   Thumb Code    40  runstate.o(.text)
    MAKE_SHORT                               0x08010a49   Thumb Code    22  align.o(.text)
    DEPART_SHORT                             0x08010a5f   Thumb Code    18  align.o(.text)
    MAKE_LONG                                0x08010a71   Thumb Code    32  align.o(.text)
    DEPART_LONG                              0x08010a91   Thumb Code    30  align.o(.text)
    CalculateCRC                             0x08010ab1   Thumb Code    48  crc.o(.text)
    CalculateCRCStep                         0x08010ae1   Thumb Code    44  crc.o(.text)
    pppfcs16                                 0x08010b0d   Thumb Code    32  crc.o(.text)
    SysRestart                               0x08010b35   Thumb Code    26  reset.o(.text)
    SysPowerDown                             0x08010b4f   Thumb Code    26  reset.o(.text)
    SysAppExit                               0x08010b69   Thumb Code     2  reset.o(.text)
    store_iap                                0x08010b8d   Thumb Code   136  store_iap.o(.text)
    store_iap_start                          0x08010c15   Thumb Code    38  store_iap.o(.text)
    store_iap_end                            0x08010c3b   Thumb Code    28  store_iap.o(.text)
    para_writeflash_bin                      0x08010c65   Thumb Code    20  flashsave.o(.text)
    para_readflash_bin                       0x08010c79   Thumb Code    20  flashsave.o(.text)
    para_rmflash_bin                         0x08010c8d   Thumb Code    12  flashsave.o(.text)
    alarm_writeflash_bin                     0x08010c99   Thumb Code    20  flashsave.o(.text)
    alarm_readflash_bin                      0x08010cad   Thumb Code    28  flashsave.o(.text)
    alarm_rmflash_bin                        0x08010cc9   Thumb Code     8  flashsave.o(.text)
    para_save                                0x08010cd1   Thumb Code    92  store_para.o(.text)
    para_read                                0x08010d2d   Thumb Code    96  store_para.o(.text)
    para_rm                                  0x08010d8d   Thumb Code   114  store_para.o(.text)
    task_app                                 0x08010e99   Thumb Code   124  appmain.o(.text)
    RunAppTask                               0x08010f15   Thumb Code    58  appmain.o(.text)
    RunStackCheck                            0x08010f4f   Thumb Code    80  appmain.o(.text)
    SysInit                                  0x08011045   Thumb Code    22  sys_init.o(.text)
    SysCallInit                              0x0801106d   Thumb Code    40  syscall_init.o(.text)
    ReadMoney                                0x080110cd   Thumb Code    12  cenmet_dlms.o(.text)
    Rs485Init                                0x0801121f   Thumb Code    26  cenmet_dlms.o(.text)
    ReadMeter                                0x08011239   Thumb Code    12  cenmet_dlms.o(.text)
    DoRecharge                               0x08011245   Thumb Code    24  cenmet_dlms.o(.text)
    RechargePro                              0x0801125d   Thumb Code   208  cenmet_dlms.o(.text)
    CenMetForward                            0x0801197b   Thumb Code    74  cenmet_dlms.o(.text)
    SendSTX                                  0x080119c5   Thumb Code   424  cenmet_dlms.o(.text)
    SendETX                                  0x08011b6d   Thumb Code    68  cenmet_dlms.o(.text)
    ReciveTestFrame                          0x08012009   Thumb Code    64  cenmet_dlms.o(.text)
    TestLed                                  0x08012049   Thumb Code   128  cenmet_dlms.o(.text)
    TestFlash                                0x080120c9   Thumb Code    62  cenmet_dlms.o(.text)
    TestGprs                                 0x08012107   Thumb Code     8  cenmet_dlms.o(.text)
    TestLogin                                0x0801210f   Thumb Code   246  cenmet_dlms.o(.text)
    AskMainStation                           0x08012205   Thumb Code   304  cenmet_dlms.o(.text)
    CenMetTask                               0x08012335   Thumb Code   448  cenmet_dlms.o(.text)
    InitCenmet                               0x080124f5   Thumb Code    90  cenmet_dlms.o(.text)
    UnparseDLMSPacket                        0x08012569   Thumb Code   568  hdlc.o(.text)
    FindHdlcPcket                            0x080127a1   Thumb Code    20  hdlc.o(.text)
    ParaOperationF65                         0x08012851   Thumb Code    72  datatask.o(.text)
    ParaOperationF67                         0x08012899   Thumb Code   118  datatask.o(.text)
    alarm_save                               0x080129a1   Thumb Code   190  store_alarm.o(.text)
    alarm_read                               0x08012a5f   Thumb Code   148  store_alarm.o(.text)
    alarm_rm                                 0x08012af3   Thumb Code    98  store_alarm.o(.text)
    alarm_count                              0x08012b55   Thumb Code    36  store_alarm.o(.text)
    ClearAlarm                               0x08012d13   Thumb Code    42  alarm.o(.text)
    MakeAlarm                                0x08012d3d   Thumb Code   122  alarm.o(.text)
    GetAlarmEc                               0x08012db7   Thumb Code    18  alarm.o(.text)
    AlarmInit                                0x08012dc9   Thumb Code     4  alarm.o(.text)
    ActiveSendAlarm                          0x08012dff   Thumb Code   274  alarm.o(.text)
    QueryAlarm                               0x08012f11   Thumb Code   768  alarm.o(.text)
    ReadTermInfo                             0x0801325d   Thumb Code   164  terminfo.o(.text)
    __rt_ctype_table                         0x08013309   Thumb Code     4  ctype_o.o(.text)
    rand                                     0x08013311   Thumb Code    20  rand.o(.text)
    srand                                    0x08013325   Thumb Code     6  rand.o(.text)
    __aeabi_memcpy                           0x08013335   Thumb Code    36  memcpya.o(.text)
    __aeabi_memcpy4                          0x08013335   Thumb Code     0  memcpya.o(.text)
    __aeabi_memcpy8                          0x08013335   Thumb Code     0  memcpya.o(.text)
    __aeabi_memset                           0x08013359   Thumb Code    14  memseta.o(.text)
    __aeabi_memset4                          0x08013359   Thumb Code     0  memseta.o(.text)
    __aeabi_memset8                          0x08013359   Thumb Code     0  memseta.o(.text)
    __aeabi_memclr                           0x08013367   Thumb Code     4  memseta.o(.text)
    __aeabi_memclr4                          0x08013367   Thumb Code     0  memseta.o(.text)
    __aeabi_memclr8                          0x08013367   Thumb Code     0  memseta.o(.text)
    _memset$wrapper                          0x0801336b   Thumb Code    20  memseta.o(.text)
    strstr                                   0x0801337f   Thumb Code    44  strstr.o(.text)
    strncpy                                  0x080133ab   Thumb Code    24  strncpy.o(.text)
    strchr                                   0x080133c3   Thumb Code    18  strchr.o(.text)
    strlen                                   0x080133d5   Thumb Code    16  strlen.o(.text)
    strcmp                                   0x080133e5   Thumb Code    28  strcmp.o(.text)
    memcmp                                   0x08013401   Thumb Code    26  memcmp.o(.text)
    strcpy                                   0x0801341b   Thumb Code    18  strcpy.o(.text)
    atoi                                     0x0801342d   Thumb Code    26  atoi.o(.text)
    __aeabi_uidiv                            0x08013447   Thumb Code     0  uidiv.o(.text)
    __aeabi_uidivmod                         0x08013447   Thumb Code    44  uidiv.o(.text)
    __aeabi_uldivmod                         0x08013473   Thumb Code    90  uldiv.o(.text)
    strtol                                   0x080134cd   Thumb Code   112  strtol.o(.text)
    __I$use$fp                               0x0801353d   Thumb Code     0  iusefp.o(.text)
    __aeabi_dadd                             0x0801364b   Thumb Code    48  dadd.o(.text)
    __aeabi_dsub                             0x0801367b   Thumb Code    48  dadd.o(.text)
    __aeabi_drsub                            0x080136ab   Thumb Code    48  dadd.o(.text)
    __aeabi_dmul                             0x080136db   Thumb Code   232  dmul.o(.text)
    __aeabi_ddiv                             0x080137c3   Thumb Code   248  ddiv.o(.text)
    __aeabi_d2ulz                            0x080138bb   Thumb Code    50  dfixul.o(.text)
    __aeabi_cdrcmple                         0x080138ed   Thumb Code    74  cdrcmple.o(.text)
    __scatterload                            0x08013939   Thumb Code    28  init.o(.text)
    __scatterload_rt2                        0x08013939   Thumb Code     0  init.o(.text)
    __aeabi_llsl                             0x0801395d   Thumb Code    32  llshl.o(.text)
    _ll_shift_l                              0x0801395d   Thumb Code     0  llshl.o(.text)
    __aeabi_llsr                             0x0801397d   Thumb Code    30  llushr.o(.text)
    _ll_ushift_r                             0x0801397d   Thumb Code     0  llushr.o(.text)
    _strtoul                                 0x0801399b   Thumb Code   152  _strtoul.o(.text)
    _double_round                            0x08013a35   Thumb Code    54  depilogue.o(.text)
    _double_epilogue                         0x08013a6b   Thumb Code   142  depilogue.o(.text)
    _chval                                   0x08013afd   Thumb Code    32  _chval.o(.text)
    __decompress                             0x08013b1d   Thumb Code     0  __dczerorl2.o(.text)
    __decompress1                            0x08013b1d   Thumb Code    88  __dczerorl2.o(.text)
    __0printf                                0x08013b75   Thumb Code    22  printfa.o(i.__0printf)
    __1printf                                0x08013b75   Thumb Code     0  printfa.o(i.__0printf)
    __2printf                                0x08013b75   Thumb Code     0  printfa.o(i.__0printf)
    __c89printf                              0x08013b75   Thumb Code     0  printfa.o(i.__0printf)
    printf                                   0x08013b75   Thumb Code     0  printfa.o(i.__0printf)
    __0snprintf                              0x08013b95   Thumb Code    36  printfa.o(i.__0snprintf)
    __1snprintf                              0x08013b95   Thumb Code     0  printfa.o(i.__0snprintf)
    __2snprintf                              0x08013b95   Thumb Code     0  printfa.o(i.__0snprintf)
    __c89snprintf                            0x08013b95   Thumb Code     0  printfa.o(i.__0snprintf)
    snprintf                                 0x08013b95   Thumb Code     0  printfa.o(i.__0snprintf)
    __0sprintf                               0x08013bbd   Thumb Code    34  printfa.o(i.__0sprintf)
    __1sprintf                               0x08013bbd   Thumb Code     0  printfa.o(i.__0sprintf)
    __2sprintf                               0x08013bbd   Thumb Code     0  printfa.o(i.__0sprintf)
    __c89sprintf                             0x08013bbd   Thumb Code     0  printfa.o(i.__0sprintf)
    sprintf                                  0x08013bbd   Thumb Code     0  printfa.o(i.__0sprintf)
    __0vsprintf                              0x08013be5   Thumb Code    28  printfa.o(i.__0vsprintf)
    __1vsprintf                              0x08013be5   Thumb Code     0  printfa.o(i.__0vsprintf)
    __2vsprintf                              0x08013be5   Thumb Code     0  printfa.o(i.__0vsprintf)
    __c89vsprintf                            0x08013be5   Thumb Code     0  printfa.o(i.__0vsprintf)
    vsprintf                                 0x08013be5   Thumb Code     0  printfa.o(i.__0vsprintf)
    __aeabi_errno_addr                       0x08013c05   Thumb Code     4  errno.o(i.__aeabi_errno_addr)
    __rt_errno_addr                          0x08013c05   Thumb Code     0  errno.o(i.__aeabi_errno_addr)
    __scatterload_copy                       0x08013c0d   Thumb Code    14  handlers.o(i.__scatterload_copy)
    __scatterload_null                       0x08013c1b   Thumb Code     2  handlers.o(i.__scatterload_null)
    __scatterload_zeroinit                   0x08013c1d   Thumb Code    14  handlers.o(i.__scatterload_zeroinit)
    fgets                                    0x08014535   Thumb Code    60  fgets.o(i.fgets)
    putc                                     0x08014571   Thumb Code     4  putc.o(i.putc)
    puts                                     0x08014575   Thumb Code    32  puts.o(i.puts)
    SystemFrequency                          0x080145ec   Data           4  system_stm32f10x.o(.constdata)
    SystemFrequency_SysClk                   0x080145f0   Data           4  system_stm32f10x.o(.constdata)
    SystemFrequency_AHBClk                   0x080145f4   Data           4  system_stm32f10x.o(.constdata)
    SystemFrequency_APB1Clk                  0x080145f8   Data           4  system_stm32f10x.o(.constdata)
    SystemFrequency_APB2Clk                  0x080145fc   Data           4  system_stm32f10x.o(.constdata)
    OSUnMapTbl                               0x08014600   Data         256  os_core.o(.constdata)
    UplinkInterface                          0x08015a18   Data          40  uplink_buffer.o(.constdata)
    __ctype_table                            0x08016064   Data         129  ctype_o.o(.constdata)
    Region$$Table$$Base                      0x080166b4   Number         0  anon$$obj.o(Region$$Table)
    Region$$Table$$Limit                     0x080166d4   Number         0  anon$$obj.o(Region$$Table)
    OSCtxSwCtr                               0x20000018   Data           4  os_core.o(.data)
    OSEventFreeList                          0x2000001c   Data           4  os_core.o(.data)
    OSIntNesting                             0x20000020   Data           1  os_core.o(.data)
    OSLockNesting                            0x20000021   Data           1  os_core.o(.data)
    OSPrioCur                                0x20000022   Data           1  os_core.o(.data)
    OSPrioHighRdy                            0x20000023   Data           1  os_core.o(.data)
    OSRdyGrp                                 0x20000024   Data           1  os_core.o(.data)
    OSRdyTbl                                 0x20000025   Data           4  os_core.o(.data)
    OSRunning                                0x20000029   Data           1  os_core.o(.data)
    OSTaskCtr                                0x2000002a   Data           1  os_core.o(.data)
    OSIdleCtr                                0x2000002c   Data           4  os_core.o(.data)
    OSTCBCur                                 0x20000030   Data           4  os_core.o(.data)
    OSTCBFreeList                            0x20000034   Data           4  os_core.o(.data)
    OSTCBHighRdy                             0x20000038   Data           4  os_core.o(.data)
    OSTCBList                                0x2000003c   Data           4  os_core.o(.data)
    OSTickStepState                          0x20000040   Data           1  os_core.o(.data)
    OSTime                                   0x20000044   Data           4  os_core.o(.data)
    data_accept                              0x20000058   Data           4  m35gprs.o(.data)
    Error                                    0x2000005c   Data           4  m35gprs.o(.data)
    logType                                  0x200000ac   Data           1  log.o(.data)
    LOG_STR                                  0x200000b0   Data          28  log.o(.data)
    LogSwitch                                0x200000d4   Data           1  log.o(.data)
    debug_sms_len                            0x200000f4   Data           1  plat_gprs.o(.data)
    debug_sms_rv                             0x200000f5   Data           1  plat_gprs.o(.data)
    _type                                    0x200000f8   Data           4  network.o(.data)
    CheckThreadState                         0x200001fc   Data           4  shellcmds.o(.data)
    proto_dl2007_itemlist                    0x2000020c   Data           4  dd645_2007.o(.data)
    shining_led_state                        0x200002bc   Data           1  switch.o(.data)
    LongShiningState                         0x200002bd   Data           1  switch.o(.data)
    shining_485_state                        0x200002be   Data           1  switch.o(.data)
    SvrCommInterface                         0x200002cc   Data           1  svrcomm.o(.data)
    SvrCommLineState                         0x200002d0   Data           4  svrcomm.o(.data)
    SvrCommFlag                              0x200002d4   Data           4  svrcomm.o(.data)
    IRrcvFlag                                0x200002e4   Data           4  uplink_dl.o(.data)
    GprsLoginState                           0x200002ec   Data           1  gprs_dev.o(.data)
    GprsActConnetSvr                         0x200002ed   Data           1  gprs_dev.o(.data)
    GprsConnetMode                           0x200002ee   Data           1  gprs_dev.o(.data)
    GprsDevSigdBm                            0x200002f0   Data           2  gprs_dev.o(.data)
    GprsDevDailState                         0x200002fc   Data           1  gprs_dev.o(.data)
    GprsDevLineState                         0x200002fd   Data           1  gprs_dev.o(.data)
    GprsDevRingFlag                          0x200002fe   Data           1  gprs_dev.o(.data)
    AskMode                                  0x20000560   Data           4  cenmet_dlms.o(.data)
    __stdin                                  0x20000590   Data           4  stdin.o(.data)
    __stdout                                 0x20000594   Data           4  stdout.o(.data)
    OSEventTbl                               0x200007f8   Data         480  os_core.o(.bss)
    OSTaskIdleStk                            0x200009d8   Data         512  os_core.o(.bss)
    OSTCBPrioTbl                             0x20000bd8   Data         128  os_core.o(.bss)
    OSTCBTbl                                 0x20000c58   Data         748  os_core.o(.bss)
    debug_sms                                0x20001710   Data         220  plat_gprs.o(.bss)
    platpara                                 0x200017ec   Data          11  platpara.o(.bss)
    FileName                                 0x20001fd4   Data         128  ymodem.o(.bss)
    Uart1Recvebuf                            0x200021d4   Data        1024  usart.o(.bss)
    Uart2Recvebuf                            0x200025d4   Data        1024  usart.o(.bss)
    Uart3Recvebuf                            0x200029d4   Data        2000  usart.o(.bss)
    Uart4Recvebuf                            0x200031a4   Data        1024  usart.o(.bss)
    Uart5Recvebuf                            0x200035a4   Data        1024  usart.o(.bss)
    Uart1Sendbuf                             0x200039a4   Data         256  usart.o(.bss)
    Uart2Sendbuf                             0x20003aa4   Data         256  usart.o(.bss)
    Uart3Sendbuf                             0x20003ba4   Data         256  usart.o(.bss)
    Uart4Sendbuf                             0x20003ca4   Data         256  usart.o(.bss)
    Uart5Sendbuf                             0x20003da4   Data         256  usart.o(.bss)
    QueryCache                               0x20004120   Data        6912  svrmsg.o(.bss)
    Grpsbuf                                  0x200065c0   Data        1032  gprs_dev.o(.bss)
    ParaMeter                                0x20006ac2   Data         240  meter.o(.bss)
    para_comb                                0x20006bd0   Data        1084  param_init.o(.bss)
    RunState                                 0x2000700c   Data          20  runstate.o(.bss)
    __initial_sp                             0x20007f50   Data           0  startup_stm32f10x_hd.o(STACK)



==============================================================================

Memory Map of the image

  Image Entry point : 0x08003131

  Load Region LR_IROM1 (Base: 0x08003000, Size: 0x00013c74, Max: 0x00040000, ABSOLUTE, COMPRESSED[0x00013a9c])

    Execution Region ER_IROM1 (Base: 0x08003000, Size: 0x000136d4, Max: 0x00040000, ABSOLUTE)

    Base Addr    Size         Type   Attr      Idx    E Section Name        Object

    0x08003000   0x00000130   Data   RO            3    RESET               startup_stm32f10x_hd.o
    0x08003130   0x00000000   Code   RO         2005  * .ARM.Collect$$$$00000000  entry.o(mc_w.l)
    0x08003130   0x00000004   Code   RO         2332    .ARM.Collect$$$$00000001  entry2.o(mc_w.l)
    0x08003134   0x00000004   Code   RO         2335    .ARM.Collect$$$$00000004  entry5.o(mc_w.l)
    0x08003138   0x00000008   Code   RO         2336    .ARM.Collect$$$$00000007  entry7.o(mc_w.l)
    0x08003140   0x00000004   Code   RO         2333    .ARM.Collect$$$$00002712  entry2.o(mc_w.l)
    0x08003144   0x00000030   Code   RO            4    .text               startup_stm32f10x_hd.o
    0x08003174   0x00000170   Code   RO           10    .text               main.o
    0x080032e4   0x00000068   Code   RO          137    .text               stm32f10x_it.o
    0x0800334c   0x0000031c   Code   RO          156    .text               stm32f10x_gpio.o
    0x08003668   0x0000038c   Code   RO          168    .text               stm32f10x_rcc.o
    0x080039f4   0x000000e0   Code   RO          194    .text               misc.o
    0x08003ad4   0x00000370   Code   RO          206    .text               stm32f10x_usart.o
    0x08003e44   0x00000300   Code   RO          218    .text               stm32f10x_spi.o
    0x08004144   0x00000040   Code   RO          233    .text               stm32f10x_iwdg.o
    0x08004184   0x000000c4   Code   RO          245    .text               stm32f10x_pwr.o
    0x08004248   0x000000ac   Code   RO          257    .text               stm32f10x_bkp.o
    0x080042f4   0x00000b1a   Code   RO          281    .text               stm32f10x_tim.o
    0x08004e0e   0x00000002   PAD
    0x08004e10   0x0000011c   Code   RO          318    .text               system_stm32f10x.o
    0x08004f2c   0x000000b0   Code   RO          336    .text               bsp.o
    0x08004fdc   0x000007f4   Code   RO          354    .text               os_core.o
    0x080057d0   0x000003fc   Code   RO          404    .text               os_sem.o
    0x08005bcc   0x00000380   Code   RO          416    .text               os_task.o
    0x08005f4c   0x000001ec   Code   RO          428    .text               os_time.o
    0x08006138   0x000000a4   Code   RO          446    .text               os_cpu_a.o
    0x080061dc   0x000000ac   Code   RO          449    .text               os_cpu_c.o
    0x08006288   0x000001a8   Code   RO          477    .text               gprsctrl.o
    0x08006430   0x00001488   Code   RO          520    .text               m35gprs.o
    0x080078b8   0x00000234   Code   RO          568    .text               time.o
    0x08007aec   0x000001bc   Code   RO          599    .text               log.o
    0x08007ca8   0x00000128   Code   RO          633    .text               fun.o
    0x08007dd0   0x00000018   Code   RO          648    .text               sleep.o
    0x08007de8   0x000001a8   Code   RO          660    .text               mutex.o
    0x08007f90   0x00000884   Code   RO          684    .text               timer.o
    0x08008814   0x00000028   Code   RO          707    .text               event.o
    0x0800883c   0x00000120   Code   RO          722    .text               plat_gprs.o
    0x0800895c   0x000000d0   Code   RO          763    .text               network.o
    0x08008a2c   0x000000e0   Code   RO          790    .text               platpara.o
    0x08008b0c   0x00000124   Code   RO          821    .text               ring.o
    0x08008c30   0x00000022   Code   RO          843    .text               plat_init.o
    0x08008c52   0x00000002   PAD
    0x08008c54   0x000001c8   Code   RO          858    .text               shell.o
    0x08008e1c   0x000000cc   Code   RO          881    .text               ttyshell.o
    0x08008ee8   0x000007e8   Code   RO          899    .text               shellcmds.o
    0x080096d0   0x00000b66   Code   RO         1094    .text               dd645_2007.o
    0x0800a236   0x00000002   PAD
    0x0800a238   0x00000470   Code   RO         1117    .text               ymodem.o
    0x0800a6a8   0x00000110   Code   RO         1149    .text               task.o
    0x0800a7b8   0x00000780   Code   RO         1175    .text               usart.o
    0x0800af38   0x00000180   Code   RO         1201    .text               rtc.o
    0x0800b0b8   0x00000400   Code   RO         1234    .text               switch.o
    0x0800b4b8   0x00000124   Code   RO         1253    .text               flash.o
    0x0800b5dc   0x00000258   Code   RO         1287    .text               w25x64.o
    0x0800b834   0x00000080   Code   RO         1319    .text               stm32rtc.o
    0x0800b8b4   0x000002ac   Code   RO         1335    .text               ctrlcmd.o
    0x0800bb60   0x000001b0   Code   RO         1410    .text               keepalive.o
    0x0800bd10   0x00000468   Code   RO         1427    .text               svrcomm.o
    0x0800c178   0x00000ddc   Code   RO         1465    .text               svrmsg.o
    0x0800cf54   0x000006d0   Code   RO         1493    .text               tranfile.o
    0x0800d624   0x00000004   Code   RO         1511    .text               uplink_buffer.o
    0x0800d628   0x00000b00   Code   RO         1529    .text               uplink_dl.o
    0x0800e128   0x000001f6   Code   RO         1550    .text               bcd.o
    0x0800e31e   0x00000002   PAD
    0x0800e320   0x000005ce   Code   RO         1561    .text               gprs_dev.o
    0x0800e8ee   0x00000002   PAD
    0x0800e8f0   0x00000bcc   Code   RO         1587    .text               gprs_task.o
    0x0800f4bc   0x00000424   Code   RO         1614    .text               meter.o
    0x0800f8e0   0x000004f8   Code   RO         1642    .text               operation.o
    0x0800fdd8   0x000000e4   Code   RO         1660    .text               param_init.o
    0x0800febc   0x000006c4   Code   RO         1678    .text               term.o
    0x08010580   0x00000394   Code   RO         1690    .text               unique.o
    0x08010914   0x00000134   Code   RO         1709    .text               runstate.o
    0x08010a48   0x00000066   Code   RO         1728    .text               align.o
    0x08010aae   0x00000002   PAD
    0x08010ab0   0x00000084   Code   RO         1739    .text               crc.o
    0x08010b34   0x00000058   Code   RO         1754    .text               reset.o
    0x08010b8c   0x000000d8   Code   RO         1769    .text               store_iap.o
    0x08010c64   0x0000006c   Code   RO         1791    .text               flashsave.o
    0x08010cd0   0x000001c8   Code   RO         1815    .text               store_para.o
    0x08010e98   0x000001ac   Code   RO         1833    .text               appmain.o
    0x08011044   0x00000028   Code   RO         1850    .text               sys_init.o
    0x0801106c   0x00000060   Code   RO         1876    .text               syscall_init.o
    0x080110cc   0x0000149c   Code   RO         1888    .text               cenmet_dlms.o
    0x08012568   0x0000024c   Code   RO         1915    .text               hdlc.o
    0x080127b4   0x00000180   Code   RO         1927    .text               datatask.o
    0x08012934   0x000002fc   Code   RO         1952    .text               store_alarm.o
    0x08012c30   0x00000610   Code   RO         1971    .text               alarm.o
    0x08013240   0x000000c8   Code   RO         1986    .text               terminfo.o
    0x08013308   0x00000008   Code   RO         2018    .text               ctype_o.o(mc_w.l)
    0x08013310   0x00000024   Code   RO         2046    .text               rand.o(mc_w.l)
    0x08013334   0x00000024   Code   RO         2049    .text               memcpya.o(mc_w.l)
    0x08013358   0x00000026   Code   RO         2051    .text               memseta.o(mc_w.l)
    0x0801337e   0x0000002c   Code   RO         2053    .text               strstr.o(mc_w.l)
    0x080133aa   0x00000018   Code   RO         2055    .text               strncpy.o(mc_w.l)
    0x080133c2   0x00000012   Code   RO         2057    .text               strchr.o(mc_w.l)
    0x080133d4   0x00000010   Code   RO         2059    .text               strlen.o(mc_w.l)
    0x080133e4   0x0000001c   Code   RO         2061    .text               strcmp.o(mc_w.l)
    0x08013400   0x0000001a   Code   RO         2063    .text               memcmp.o(mc_w.l)
    0x0801341a   0x00000012   Code   RO         2065    .text               strcpy.o(mc_w.l)
    0x0801342c   0x0000001a   Code   RO         2330    .text               atoi.o(mc_w.l)
    0x08013446   0x0000002c   Code   RO         2337    .text               uidiv.o(mc_w.l)
    0x08013472   0x0000005a   Code   RO         2339    .text               uldiv.o(mc_w.l)
    0x080134cc   0x00000070   Code   RO         2348    .text               strtol.o(mc_w.l)
    0x0801353c   0x00000000   Code   RO         2350    .text               iusefp.o(mc_w.l)
    0x0801353c   0x0000019e   Code   RO         2351    .text               dadd.o(mf_w.l)
    0x080136da   0x000000e8   Code   RO         2353    .text               dmul.o(mf_w.l)
    0x080137c2   0x000000f8   Code   RO         2355    .text               ddiv.o(mf_w.l)
    0x080138ba   0x00000032   Code   RO         2357    .text               dfixul.o(mf_w.l)
    0x080138ec   0x0000004c   Code   RO         2359    .text               cdrcmple.o(mf_w.l)
    0x08013938   0x00000024   Code   RO         2361    .text               init.o(mc_w.l)
    0x0801395c   0x00000020   Code   RO         2363    .text               llshl.o(mc_w.l)
    0x0801397c   0x0000001e   Code   RO         2365    .text               llushr.o(mc_w.l)
    0x0801399a   0x00000098   Code   RO         2367    .text               _strtoul.o(mc_w.l)
    0x08013a32   0x00000002   PAD
    0x08013a34   0x000000c8   Code   RO         2369    .text               depilogue.o(mf_w.l)
    0x08013afc   0x00000020   Code   RO         2371    .text               _chval.o(mc_w.l)
    0x08013b1c   0x00000058   Code   RO         2381    .text               __dczerorl2.o(mc_w.l)
    0x08013b74   0x00000020   Code   RO         2302    i.__0printf         printfa.o(mc_w.l)
    0x08013b94   0x00000028   Code   RO         2303    i.__0snprintf       printfa.o(mc_w.l)
    0x08013bbc   0x00000028   Code   RO         2304    i.__0sprintf        printfa.o(mc_w.l)
    0x08013be4   0x00000020   Code   RO         2308    i.__0vsprintf       printfa.o(mc_w.l)
    0x08013c04   0x00000008   Code   RO         2341    i.__aeabi_errno_addr  errno.o(mc_w.l)
    0x08013c0c   0x0000000e   Code   RO         2375    i.__scatterload_copy  handlers.o(mc_w.l)
    0x08013c1a   0x00000002   Code   RO         2376    i.__scatterload_null  handlers.o(mc_w.l)
    0x08013c1c   0x0000000e   Code   RO         2377    i.__scatterload_zeroinit  handlers.o(mc_w.l)
    0x08013c2a   0x00000002   PAD
    0x08013c2c   0x00000198   Code   RO         2309    i._fp_digits        printfa.o(mc_w.l)
    0x08013dc4   0x00000700   Code   RO         2310    i._printf_core      printfa.o(mc_w.l)
    0x080144c4   0x00000024   Code   RO         2311    i._printf_post_padding  printfa.o(mc_w.l)
    0x080144e8   0x0000002c   Code   RO         2312    i._printf_pre_padding  printfa.o(mc_w.l)
    0x08014514   0x00000016   Code   RO         2313    i._snputc           printfa.o(mc_w.l)
    0x0801452a   0x0000000a   Code   RO         2314    i._sputc            printfa.o(mc_w.l)
    0x08014534   0x0000003c   Code   RO         2010    i.fgets             fgets.o(mc_w.l)
    0x08014570   0x00000004   Code   RO         2012    i.putc              putc.o(mc_w.l)
    0x08014574   0x00000024   Code   RO         2008    i.puts              puts.o(mc_w.l)
    0x08014598   0x00000054   Data   RO          138    .constdata          stm32f10x_it.o
    0x080145ec   0x00000014   Data   RO          319    .constdata          system_stm32f10x.o
    0x08014600   0x00000100   Data   RO          356    .constdata          os_core.o
    0x08014700   0x000003e0   Data   RO          522    .constdata          m35gprs.o
    0x08014ae0   0x00000010   Data   RO          601    .constdata          log.o
    0x08014af0   0x00000018   Data   RO          792    .constdata          platpara.o
    0x08014b08   0x00000dec   Data   RO         1095    .constdata          dd645_2007.o
    0x080158f4   0x00000030   Data   RO         1202    .constdata          rtc.o
    0x08015924   0x00000028   Data   RO         1336    .constdata          ctrlcmd.o
    0x0801594c   0x000000a0   Data   RO         1467    .constdata          svrmsg.o
    0x080159ec   0x0000002c   Data   RO         1495    .constdata          tranfile.o
    0x08015a18   0x00000028   Data   RO         1513    .constdata          uplink_buffer.o
    0x08015a40   0x00000018   Data   RO         1563    .constdata          gprs_dev.o
    0x08015a58   0x00000054   Data   RO         1589    .constdata          gprs_task.o
    0x08015aac   0x0000000c   Data   RO         1616    .constdata          meter.o
    0x08015ab8   0x000002dc   Data   RO         1643    .constdata          operation.o
    0x08015d94   0x00000200   Data   RO         1740    .constdata          crc.o
    0x08015f94   0x00000004   Data   RO         1770    .constdata          store_iap.o
    0x08015f98   0x00000038   Data   RO         1816    .constdata          store_para.o
    0x08015fd0   0x0000004c   Data   RO         1890    .constdata          cenmet_dlms.o
    0x0801601c   0x00000038   Data   RO         1954    .constdata          store_alarm.o
    0x08016054   0x00000010   Data   RO         1987    .constdata          terminfo.o
    0x08016064   0x00000081   Data   RO         2019    .constdata          ctype_o.o(mc_w.l)
    0x080160e5   0x00000003   PAD
    0x080160e8   0x00000004   Data   RO         2020    .constdata          ctype_o.o(mc_w.l)
    0x080160ec   0x00000013   Data   RO           12    .conststring        main.o
    0x080160ff   0x00000010   Data   RO          478    .conststring        gprsctrl.o
    0x0801610f   0x00000326   Data   RO          523    .conststring        m35gprs.o
    0x08016435   0x0000002f   Data   RO          602    .conststring        log.o
    0x08016464   0x0000001d   Data   RO          686    .conststring        timer.o
    0x08016481   0x00000018   Data   RO          860    .conststring        shell.o
    0x08016499   0x000001bd   Data   RO          900    .conststring        shellcmds.o
    0x08016656   0x0000001d   Data   RO         1564    .conststring        gprs_dev.o
    0x08016673   0x00000038   Data   RO         1590    .conststring        gprs_task.o
    0x080166ab   0x00000007   Data   RO         1617    .conststring        meter.o
    0x080166b2   0x00000002   PAD
    0x080166b4   0x00000020   Data   RO         2373    Region$$Table       anon$$obj.o


    Execution Region RW_IRAM1 (Base: 0x20000000, Size: 0x00007f50, Max: 0x0000c000, ABSOLUTE, COMPRESSED[0x000003c8])

    Base Addr    Size         Type   Attr      Idx    E Section Name        Object

    0x20000000   0x00000004   Data   RW           13    .data               main.o
    0x20000004   0x00000014   Data   RW          169    .data               stm32f10x_rcc.o
    0x20000018   0x00000030   Data   RW          357    .data               os_core.o
    0x20000048   0x0000000c   Data   RW          479    .data               gprsctrl.o
    0x20000054   0x00000050   Data   RW          524    .data               m35gprs.o
    0x200000a4   0x00000007   Data   RW          570    .data               time.o
    0x200000ab   0x00000001   PAD
    0x200000ac   0x00000029   Data   RW          603    .data               log.o
    0x200000d5   0x00000003   PAD
    0x200000d8   0x0000001c   Data   RW          687    .data               timer.o
    0x200000f4   0x00000002   Data   RW          724    .data               plat_gprs.o
    0x200000f6   0x00000002   PAD
    0x200000f8   0x00000004   Data   RW          764    .data               network.o
    0x200000fc   0x00000004   Data   RW          823    .data               ring.o
    0x20000100   0x00000018   Data   RW          861    .data               shell.o
    0x20000118   0x000000f4   Data   RW          901    .data               shellcmds.o
    0x2000020c   0x00000004   Data   RW         1096    .data               dd645_2007.o
    0x20000210   0x00000004   Data   RW         1119    .data               ymodem.o
    0x20000214   0x000000a1   Data   RW         1177    .data               usart.o
    0x200002b5   0x00000003   PAD
    0x200002b8   0x00000004   Data   RW         1203    .data               rtc.o
    0x200002bc   0x00000009   Data   RW         1235    .data               switch.o
    0x200002c5   0x00000003   PAD
    0x200002c8   0x00000010   Data   RW         1429    .data               svrcomm.o
    0x200002d8   0x00000009   Data   RW         1468    .data               svrmsg.o
    0x200002e1   0x00000003   PAD
    0x200002e4   0x00000005   Data   RW         1531    .data               uplink_dl.o
    0x200002e9   0x00000003   PAD
    0x200002ec   0x00000013   Data   RW         1565    .data               gprs_dev.o
    0x200002ff   0x00000001   PAD
    0x20000300   0x00000028   Data   RW         1591    .data               gprs_task.o
    0x20000328   0x0000000c   Data   RW         1618    .data               meter.o
    0x20000334   0x00000004   Data   RW         1644    .data               operation.o
    0x20000338   0x00000004   Data   RW         1691    .data               unique.o
    0x2000033c   0x00000004   Data   RW         1711    .data               runstate.o
    0x20000340   0x00000200   Data   RW         1741    .data               crc.o
    0x20000540   0x00000010   Data   RW         1771    .data               store_iap.o
    0x20000550   0x00000039   Data   RW         1891    .data               cenmet_dlms.o
    0x20000589   0x00000003   PAD
    0x2000058c   0x00000004   Data   RW         1989    .data               terminfo.o
    0x20000590   0x00000004   Data   RW         2016    .data               stdin.o(mc_w.l)
    0x20000594   0x00000004   Data   RW         2017    .data               stdout.o(mc_w.l)
    0x20000598   0x00000004   Data   RW         2047    .data               rand.o(mc_w.l)
    0x2000059c   0x00000004   Data   RW         2344    .data               errno.o(mc_w.l)
    0x200005a0   0x00000258   Zero   RW           11    .bss                main.o
    0x200007f8   0x0000074c   Zero   RW          355    .bss                os_core.o
    0x20000f44   0x0000016e   Zero   RW          521    .bss                m35gprs.o
    0x200010b2   0x00000040   Zero   RW          569    .bss                time.o
    0x200010f2   0x00000200   Zero   RW          600    .bss                log.o
    0x200012f2   0x00000002   PAD
    0x200012f4   0x00000028   Zero   RW          661    .bss                mutex.o
    0x2000131c   0x000003f4   Zero   RW          685    .bss                timer.o
    0x20001710   0x000000dc   Zero   RW          723    .bss                plat_gprs.o
    0x200017ec   0x0000000b   Zero   RW          791    .bss                platpara.o
    0x200017f7   0x00000001   PAD
    0x200017f8   0x00000190   Zero   RW          822    .bss                ring.o
    0x20001988   0x0000021c   Zero   RW          859    .bss                shell.o
    0x20001ba4   0x00000430   Zero   RW          882    .bss                ttyshell.o
    0x20001fd4   0x00000080   Zero   RW         1118    .bss                ymodem.o
    0x20002054   0x00000180   Zero   RW         1150    .bss                task.o
    0x200021d4   0x00001cd0   Zero   RW         1176    .bss                usart.o
    0x20003ea4   0x00000010   Zero   RW         1411    .bss                keepalive.o
    0x20003eb4   0x0000026c   Zero   RW         1428    .bss                svrcomm.o
    0x20004120   0x00001b60   Zero   RW         1466    .bss                svrmsg.o
    0x20005c80   0x00000028   Zero   RW         1494    .bss                tranfile.o
    0x20005ca8   0x00000900   Zero   RW         1512    .bss                uplink_buffer.o
    0x200065a8   0x00000018   Zero   RW         1530    .bss                uplink_dl.o
    0x200065c0   0x00000408   Zero   RW         1562    .bss                gprs_dev.o
    0x200069c8   0x000000fa   Zero   RW         1588    .bss                gprs_task.o
    0x20006ac2   0x0000010c   Zero   RW         1615    .bss                meter.o
    0x20006bce   0x00000002   PAD
    0x20006bd0   0x0000043c   Zero   RW         1661    .bss                param_init.o
    0x2000700c   0x00000014   Zero   RW         1710    .bss                runstate.o
    0x20007020   0x00000708   Zero   RW         1834    .bss                appmain.o
    0x20007728   0x0000060c   Zero   RW         1889    .bss                cenmet_dlms.o
    0x20007d34   0x00000018   Zero   RW         1953    .bss                store_alarm.o
    0x20007d4c   0x00000004   PAD
    0x20007d50   0x00000200   Zero   RW            1    STACK               startup_stm32f10x_hd.o


==============================================================================

Image component sizes


      Code (inc. data)   RO Data    RW Data    ZI Data      Debug   Object Name

      1552        308          0          0          0       4839   alarm.o
       102          0          0          0          0       1792   align.o
       428        166          0          0       1800       1140   appmain.o
       502          0          0          0          0       2474   bcd.o
       176         16          0          0          0       5083   bsp.o
      5276       1126         76         57       1548      13033   cenmet_dlms.o
       132          8        512        512          0       1837   crc.o
       684         62         40          0          0       4190   ctrlcmd.o
       384         38          0          0          0       2612   datatask.o
      2918         90       3564          4          0       8688   dd645_2007.o
        40          0          0          0          0       1829   event.o
       292          0          0          0          0       1704   flash.o
       108          0          0          0          0       1929   flashsave.o
       296          0          0          0          0       1918   fun.o
      1486        238         53         19       1032       7917   gprs_dev.o
      3020        732        140         40        250       6041   gprs_task.o
       424         36         16         12          0       4509   gprsctrl.o
       588          0          0          0          0       2110   hdlc.o
       432         42          0          0         16       2895   keepalive.o
       444         56         63         41        512       3662   log.o
      5256        998       1798         80        366      17684   m35gprs.o
       368        144         19          4        600     259365   main.o
      1060        198         19         12        268       5163   meter.o
       224         20          0          0          0       1845   misc.o
       424        114          0          0         40       2182   mutex.o
       208          6          0          4          0       4543   network.o
      1272         90        732          4          0       6103   operation.o
      2036        128        256         48       1868      15271   os_core.o
       164         32          0          0          0        292   os_cpu_a.o
       172          0          0          0          0      10508   os_cpu_c.o
      1020         16          0          0          0       4006   os_sem.o
       896         26          0          0          0       3555   os_task.o
       492         24          0          0          0       1862   os_time.o
       228        126          0          0       1084       3222   param_init.o
       288         40          0          2        220       6102   plat_gprs.o
        34          0          0          0          0        459   plat_init.o
       224         10         24          0         11       3272   platpara.o
         0          0          0          0          0       1796   plc_rsc_std.o
         0          0          0          0          0       1732   plcomm.o
        88         34          0          0          0        721   reset.o
       292         10          0          4        400       3357   ring.o
       384          8         48          4          0       2865   rtc.o
       308        190          0          4         20       1830   runstate.o
       456        110         24         24        540       3407   shell.o
      2024        572        445        244          0      10368   shellcmds.o
        24          0          0          0          0        488   sleep.o
        48         12        304          0        512        536   startup_stm32f10x_hd.o
       172         12          0          0          0       2284   stm32f10x_bkp.o
       796         18          0          0          0       5247   stm32f10x_gpio.o
       104          6         84          0          0       1667   stm32f10x_it.o
        64          6          0          0          0       1241   stm32f10x_iwdg.o
       196         14          0          0          0       1895   stm32f10x_pwr.o
       908         32          0         20          0       8832   stm32f10x_rcc.o
       768          6          0          0          0      13354   stm32f10x_spi.o
      2842         16          0          0          0      24208   stm32f10x_tim.o
       880         12          0          0          0       7899   stm32f10x_usart.o
       128          0          0          0          0        687   stm32rtc.o
       764        184         56          0         24       3953   store_alarm.o
       216         14          4         16          0       1254   store_iap.o
       456        154         56          0          0       2986   store_para.o
      1128        216          0         16        620       8410   svrcomm.o
      3548        182        160          9       7008      11871   svrmsg.o
      1024         80          0          9          0       8369   switch.o
        40         18          0          0          0        498   sys_init.o
        96         56          0          0          0        542   syscall_init.o
       284         18         20          0          0       1773   system_stm32f10x.o
       272         78          0          0        384       2167   task.o
      1732        172          0          0          0       5057   term.o
       200          8         16          4          0       2327   terminfo.o
       564         52          0          7         64       4986   time.o
      2180        398         29         28       1012       8839   timer.o
      1744        362         44          0         40       5902   tranfile.o
       204         40          0          0       1072       1924   ttyshell.o
       916        178          0          4          0       4099   unique.o
         4          0         40          0       2304       2598   uplink_buffer.o
      2816        352          0          5         24       7924   uplink_dl.o
      1920         54          0        161       7376       9509   usart.o
       600         12          0          0          0       3462   w25x64.o
      1136         20          0          4        128       6028   ymodem.o

    ----------------------------------------------------------------------
     65988       8596       8676       1424      31152     624528   Object Totals
         0          0         32          0          0          0   (incl. Generated)
        12          0          2         22          9          0   (incl. Padding)

    ----------------------------------------------------------------------

      Code (inc. data)   RO Data    RW Data    ZI Data      Debug   Library Member Name

        88          0          0          0          0          0   __dczerorl2.o
        32          0          0          0          0         68   _chval.o
       152          0          0          0          0         88   _strtoul.o
        26          0          0          0          0         80   atoi.o
        76          2          0          0          0         68   cdrcmple.o
         8          4        133          0          0         68   ctype_o.o
       414          0          0          0          0        184   dadd.o
       248          0          0          0          0         96   ddiv.o
       200          4          0          0          0        136   depilogue.o
        50          0          0          0          0         68   dfixul.o
       232          0          0          0          0         96   dmul.o
         0          0          0          0          0          0   entry.o
         8          4          0          0          0          0   entry2.o
         4          0          0          0          0          0   entry5.o
         8          4          0          0          0          0   entry7.o
         8          4          0          4          0         68   errno.o
        60          0          0          0          0         84   fgets.o
        30          0          0          0          0          0   handlers.o
        36          8          0          0          0         68   init.o
         0          0          0          0          0          0   iusefp.o
        32          0          0          0          0         68   llshl.o
        30          0          0          0          0         68   llushr.o
        26          0          0          0          0         76   memcmp.o
        36          0          0          0          0         68   memcpya.o
        38          0          0          0          0        108   memseta.o
      2456        116          0          0          0        816   printfa.o
         4          0          0          0          0         68   putc.o
        36          4          0          0          0         80   puts.o
        36         10          0          4          0        132   rand.o
         0          0          0          4          0          0   stdin.o
         0          0          0          4          0          0   stdout.o
        18          0          0          0          0         68   strchr.o
        28          0          0          0          0         76   strcmp.o
        18          0          0          0          0         68   strcpy.o
        16          0          0          0          0         68   strlen.o
        24          0          0          0          0         76   strncpy.o
        44          0          0          0          0         76   strstr.o
       112          0          0          0          0         88   strtol.o
        44          0          0          0          0         76   uidiv.o
        90          0          0          0          0         88   uldiv.o

    ----------------------------------------------------------------------
      4772        160        136         16          0       3340   Library Totals
         4          0          3          0          0          0   (incl. Padding)

    ----------------------------------------------------------------------

      Code (inc. data)   RO Data    RW Data    ZI Data      Debug   Library Name

      3548        154        133         16          0       2692   mc_w.l
      1220          6          0          0          0        648   mf_w.l

    ----------------------------------------------------------------------
      4772        160        136         16          0       3340   Library Totals

    ----------------------------------------------------------------------

==============================================================================


      Code (inc. data)   RO Data    RW Data    ZI Data      Debug   

     70760       8756       8812       1440      31152     618968   Grand Totals
     70760       8756       8812        968      31152     618968   ELF Image Totals (compressed)
     70760       8756       8812        968          0          0   ROM Totals

==============================================================================

    Total RO  Size (Code + RO Data)                79572 (  77.71kB)
    Total RW  Size (RW Data + ZI Data)             32592 (  31.83kB)
    Total ROM Size (Code + RO Data + RW Data)      80540 (  78.65kB)

==============================================================================

