ARM Linker, RVCT4.0 [Build 728] [Standard]

==============================================================================

Section Cross References

    startup_stm32f10x_hd.o(RESET) refers to startup_stm32f10x_hd.o(.text) for Reset_Handler
    startup_stm32f10x_hd.o(RESET) refers to stm32f10x_it.o(.text) for NMI_Handler
    startup_stm32f10x_hd.o(RESET) refers to os_cpu_a.o(.text) for OS_CPU_PendSVHandler
    startup_stm32f10x_hd.o(RESET) refers to usart.o(.text) for USART1_IRQHandler
    startup_stm32f10x_hd.o(.text) refers to startup_stm32f10x_hd.o(STACK) for __initial_sp
    startup_stm32f10x_hd.o(.text) refers to entry.o(.ARM.Collect$$$$00000000) for __main
    main.o(.text) refers to bsp.o(.text) for SysTick_init
    main.o(.text) refers to mutex.o(.text) for mutex_init
    main.o(.text) refers to switch.o(.text) for SysReset
    main.o(.text) refers to platpara.o(.text) for platpara_init
    main.o(.text) refers to printfa.o(i.__0printf) for __2printf
    main.o(.text) refers to time.o(.text) for UTimeReadCurrent
    main.o(.text) refers to appmain.o(.text) for RunAppTask
    main.o(.text) refers to rtc.o(.text) for rtc_update
    main.o(.text) refers to sleep.o(.text) for sleep
    main.o(.text) refers to os_task.o(.text) for OSTaskCreateExt
    main.o(.text) refers to os_core.o(.text) for OSInit
    main.o(.text) refers to plat_init.o(.text) for PlatInit
    main.o(.text) refers to main.o(.bss) for .bss
    stm32f10x_it.o(.text) refers to os_core.o(.text) for OSIntEnter
    stm32f10x_it.o(.text) refers to switch.o(.text) for shining_led
    stm32f10x_it.o(.text) refers to stm32f10x_rtc.o(.text) for RTC_GetITStatus
    stm32f10x_it.o(.text) refers to rtc.o(.text) for Tick
    stm32f10x_gpio.o(.text) refers to stm32f10x_rcc.o(.text) for RCC_APB2PeriphResetCmd
    stm32f10x_rcc.o(.text) refers to stm32f10x_rcc.o(.data) for .data
    stm32f10x_usart.o(.text) refers to stm32f10x_rcc.o(.text) for RCC_APB2PeriphResetCmd
    stm32f10x_spi.o(.text) refers to stm32f10x_rcc.o(.text) for RCC_APB2PeriphResetCmd
    stm32f10x_pwr.o(.text) refers to stm32f10x_rcc.o(.text) for RCC_APB1PeriphResetCmd
    stm32f10x_bkp.o(.text) refers to stm32f10x_rcc.o(.text) for RCC_BackupResetCmd
    bsp.o(.text) refers to misc.o(.text) for NVIC_SetVectorTable
    bsp.o(.text) refers to system_stm32f10x.o(.text) for SystemInit
    bsp.o(.text) refers to stm32f10x_rcc.o(.text) for RCC_APB2PeriphClockCmd
    bsp.o(.text) refers to system_stm32f10x.o(.constdata) for SystemFrequency
    os_core.o(.text) refers to os_cpu_a.o(.text) for OS_CPU_SR_Save
    os_core.o(.text) refers to os_task.o(.text) for OSTaskStkChk
    os_core.o(.text) refers to os_time.o(.text) for OSTimeDly
    os_core.o(.text) refers to os_cpu_c.o(.text) for OSTaskStatHook
    os_core.o(.text) refers to os_core.o(.data) for OSIntNesting
    os_core.o(.text) refers to os_core.o(.bss) for OSTCBPrioTbl
    os_core.o(.text) refers to os_core.o(.constdata) for OSUnMapTbl
    os_sem.o(.text) refers to os_cpu_a.o(.text) for OS_CPU_SR_Save
    os_sem.o(.text) refers to os_core.o(.text) for OS_EventWaitListInit
    os_sem.o(.text) refers to os_core.o(.data) for OSIntNesting
    os_task.o(.text) refers to os_cpu_a.o(.text) for OS_CPU_SR_Save
    os_task.o(.text) refers to os_core.o(.text) for OS_Sched
    os_task.o(.text) refers to os_cpu_c.o(.text) for OSTaskStkInit
    os_task.o(.text) refers to os_core.o(.bss) for OSTCBPrioTbl
    os_task.o(.text) refers to os_core.o(.data) for OSTCBCur
    os_time.o(.text) refers to os_cpu_a.o(.text) for OS_CPU_SR_Save
    os_time.o(.text) refers to os_core.o(.text) for OS_Sched
    os_time.o(.text) refers to os_core.o(.data) for OSIntNesting
    os_time.o(.text) refers to os_core.o(.bss) for OSTCBPrioTbl
    os_cpu_a.o(.text) refers to os_core.o(.data) for OSRunning
    os_cpu_a.o(.text) refers to os_cpu_c.o(.text) for OSTaskSwHook
    gprsctrl.o(.text) refers to usart.o(.text) for UartRecvData
    gprsctrl.o(.text) refers to memcmp.o(.text) for memcmp
    gprsctrl.o(.text) refers to sleep.o(.text) for sleep
    gprsctrl.o(.text) refers to memseta.o(.text) for __aeabi_memclr
    gprsctrl.o(.text) refers to strlen.o(.text) for strlen
    gprsctrl.o(.text) refers to log.o(.text) for PrintLog
    gprsctrl.o(.text) refers to strstr.o(.text) for strstr
    gprsctrl.o(.text) refers to gprsctrl.o(.data) for .data
    gprsctrl.o(.data) refers to gprsctrl.o(.conststring) for .conststring
    m35gprs.o(.text) refers to switch.o(.text) for gprs_vcc_off
    m35gprs.o(.text) refers to usart.o(.text) for UartOpen
    m35gprs.o(.text) refers to sleep.o(.text) for sleep
    m35gprs.o(.text) refers to gprsctrl.o(.text) for SendAtCmd
    m35gprs.o(.text) refers to log.o(.text) for PrintLog
    m35gprs.o(.text) refers to fun.o(.text) for char_to_hex
    m35gprs.o(.text) refers to printfa.o(i.__0sprintf) for __2sprintf
    m35gprs.o(.text) refers to strstr.o(.text) for strstr
    m35gprs.o(.text) refers to m35gprs.o(.bss) for .bss
[...]
    RCC_PCLK1Config                          0x08003751   Thumb Code    16  stm32f10x_rcc.o(.text)
    RCC_PCLK2Config                          0x08003761   Thumb Code    18  stm32f10x_rcc.o(.text)
    RCC_ITConfig                             0x08003773   Thumb Code    30  stm32f10x_rcc.o(.text)
    RCC_USBCLKConfig                         0x08003791   Thumb Code     6  stm32f10x_rcc.o(.text)
    RCC_ADCCLKConfig                         0x08003797   Thumb Code    16  stm32f10x_rcc.o(.text)
    RCC_LSEConfig                            0x080037a7   Thumb Code    44  stm32f10x_rcc.o(.text)
    RCC_LSICmd                               0x080037d3   Thumb Code     6  stm32f10x_rcc.o(.text)
    RCC_RTCCLKConfig                         0x080037d9   Thumb Code    12  stm32f10x_rcc.o(.text)
    RCC_RTCCLKCmd                            0x080037e5   Thumb Code     6  stm32f10x_rcc.o(.text)
    RCC_GetClocksFreq                        0x080037eb   Thumb Code   194  stm32f10x_rcc.o(.text)
    RCC_AHBPeriphClockCmd                    0x080038ad   Thumb Code    26  stm32f10x_rcc.o(.text)
    RCC_APB2PeriphClockCmd                   0x080038c7   Thumb Code    26  stm32f10x_rcc.o(.text)
    RCC_APB1PeriphClockCmd                   0x080038e1   Thumb Code    26  stm32f10x_rcc.o(.text)
    RCC_APB2PeriphResetCmd                   0x080038fb   Thumb Code    26  stm32f10x_rcc.o(.text)
    RCC_APB1PeriphResetCmd                   0x08003915   Thumb Code    26  stm32f10x_rcc.o(.text)
    RCC_BackupResetCmd                       0x0800392f   Thumb Code     6  stm32f10x_rcc.o(.text)
    RCC_ClockSecuritySystemCmd               0x08003935   Thumb Code     6  stm32f10x_rcc.o(.text)
    RCC_MCOConfig                            0x0800393b   Thumb Code     6  stm32f10x_rcc.o(.text)
    RCC_ClearFlag                            0x08003941   Thumb Code    14  stm32f10x_rcc.o(.text)
    RCC_GetITStatus                          0x0800394f   Thumb Code    20  stm32f10x_rcc.o(.text)
    RCC_ClearITPendingBit                    0x08003963   Thumb Code     6  stm32f10x_rcc.o(.text)
    NVIC_PriorityGroupConfig                 0x08003999   Thumb Code    10  misc.o(.text)
    NVIC_Init                                0x080039a3   Thumb Code   118  misc.o(.text)
    NVIC_SetVectorTable                      0x08003a19   Thumb Code    12  misc.o(.text)
    NVIC_SystemLPConfig                      0x08003a25   Thumb Code    38  misc.o(.text)
    SysTick_CLKSourceConfig                  0x08003a4b   Thumb Code    40  misc.o(.text)
    USART_DeInit                             0x08003a91   Thumb Code   146  stm32f10x_usart.o(.text)
    USART_Init                               0x08003b23   Thumb Code   150  stm32f10x_usart.o(.text)
    USART_StructInit                         0x08003bb9   Thumb Code    24  stm32f10x_usart.o(.text)
    USART_ClockInit                          0x08003bd1   Thumb Code    32  stm32f10x_usart.o(.text)
    USART_ClockStructInit                    0x08003bf1   Thumb Code    12  stm32f10x_usart.o(.text)
    USART_Cmd                                0x08003bfd   Thumb Code    24  stm32f10x_usart.o(.text)
    USART_ITConfig                           0x08003c15   Thumb Code    62  stm32f10x_usart.o(.text)
    USART_DMACmd                             0x08003c53   Thumb Code    24  stm32f10x_usart.o(.text)
    USART_SetAddress                         0x08003c6b   Thumb Code    18  stm32f10x_usart.o(.text)
    USART_WakeUpConfig                       0x08003c7d   Thumb Code    18  stm32f10x_usart.o(.text)
    USART_ReceiverWakeUpCmd                  0x08003c8f   Thumb Code    24  stm32f10x_usart.o(.text)
    USART_LINBreakDetectLengthConfig         0x08003ca7   Thumb Code    18  stm32f10x_usart.o(.text)
    USART_LINCmd                             0x08003cb9   Thumb Code    24  stm32f10x_usart.o(.text)
    USART_SendData                           0x08003cd1   Thumb Code     8  stm32f10x_usart.o(.text)
    USART_ReceiveData                        0x08003cd9   Thumb Code    10  stm32f10x_usart.o(.text)
    USART_SendBreak                          0x08003ce3   Thumb Code    10  stm32f10x_usart.o(.text)
    USART_SetGuardTime                       0x08003ced   Thumb Code    16  stm32f10x_usart.o(.text)
    USART_SetPrescaler                       0x08003cfd   Thumb Code    16  stm32f10x_usart.o(.text)
    USART_SmartCardCmd                       0x08003d0d   Thumb Code    24  stm32f10x_usart.o(.text)
    USART_SmartCardNACKCmd                   0x08003d25   Thumb Code    24  stm32f10x_usart.o(.text)
    USART_HalfDuplexCmd                      0x08003d3d   Thumb Code    24  stm32f10x_usart.o(.text)
    USART_IrDAConfig                         0x08003d55   Thumb Code    18  stm32f10x_usart.o(.text)
    USART_IrDACmd                            0x08003d67   Thumb Code    24  stm32f10x_usart.o(.text)
    USART_GetFlagStatus                      0x08003d7f   Thumb Code    18  stm32f10x_usart.o(.text)
    USART_ClearFlag                          0x08003d91   Thumb Code     6  stm32f10x_usart.o(.text)
    USART_GetITStatus                        0x08003d97   Thumb Code    74  stm32f10x_usart.o(.text)
    USART_ClearITPendingBit                  0x08003de1   Thumb Code    20  stm32f10x_usart.o(.text)
    SPI_I2S_DeInit                           0x08003e01   Thumb Code    88  stm32f10x_spi.o(.text)
    SPI_Init                                 0x08003e59   Thumb Code    60  stm32f10x_spi.o(.text)
    I2S_Init                                 0x08003e95   Thumb Code   200  stm32f10x_spi.o(.text)
    SPI_StructInit                           0x08003f5d   Thumb Code    24  stm32f10x_spi.o(.text)
    I2S_StructInit                           0x08003f75   Thumb Code    20  stm32f10x_spi.o(.text)
    SPI_Cmd                                  0x08003f89   Thumb Code    24  stm32f10x_spi.o(.text)
    I2S_Cmd                                  0x08003fa1   Thumb Code    24  stm32f10x_spi.o(.text)
    SPI_I2S_ITConfig                         0x08003fb9   Thumb Code    36  stm32f10x_spi.o(.text)
    SPI_I2S_DMACmd                           0x08003fdd   Thumb Code    24  stm32f10x_spi.o(.text)
    SPI_I2S_SendData                         0x08003ff5   Thumb Code     4  stm32f10x_spi.o(.text)
    SPI_I2S_ReceiveData                      0x08003ff9   Thumb Code     6  stm32f10x_spi.o(.text)
    SPI_NSSInternalSoftwareConfig            0x08003fff   Thumb Code    30  stm32f10x_spi.o(.text)
    SPI_SSOutputCmd                          0x0800401d   Thumb Code    24  stm32f10x_spi.o(.text)
    SPI_DataSizeConfig                       0x08004035   Thumb Code    18  stm32f10x_spi.o(.text)
    SPI_TransmitCRC                          0x08004047   Thumb Code    10  stm32f10x_spi.o(.text)
    SPI_CalculateCRC                         0x08004051   Thumb Code    24  stm32f10x_spi.o(.text)
    SPI_GetCRC                               0x08004069   Thumb Code    16  stm32f10x_spi.o(.text)
    SPI_GetCRCPolynomial                     0x08004079   Thumb Code     6  stm32f10x_spi.o(.text)
    SPI_BiDirectionalLineConfig              0x0800407f   Thumb Code    28  stm32f10x_spi.o(.text)
    SPI_I2S_GetFlagStatus                    0x0800409b   Thumb Code    18  stm32f10x_spi.o(.text)
    SPI_I2S_ClearFlag                        0x080040ad   Thumb Code     6  stm32f10x_spi.o(.text)
    SPI_I2S_GetITStatus                      0x080040b3   Thumb Code    52  stm32f10x_spi.o(.text)
    SPI_I2S_ClearITPendingBit                0x080040e7   Thumb Code    20  stm32f10x_spi.o(.text)
    IWDG_WriteAccessCmd                      0x08004101   Thumb Code     6  stm32f10x_iwdg.o(.text)
    IWDG_SetPrescaler                        0x08004107   Thumb Code     6  stm32f10x_iwdg.o(.text)
    IWDG_SetReload                           0x0800410d   Thumb Code     6  stm32f10x_iwdg.o(.text)
    IWDG_ReloadCounter                       0x08004113   Thumb Code    10  stm32f10x_iwdg.o(.text)
    IWDG_Enable                              0x0800411d   Thumb Code    10  stm32f10x_iwdg.o(.text)
    IWDG_GetFlagStatus                       0x08004127   Thumb Code    20  stm32f10x_iwdg.o(.text)
    PWR_DeInit                               0x08004141   Thumb Code    22  stm32f10x_pwr.o(.text)
    PWR_BackupAccessCmd                      0x08004157   Thumb Code     6  stm32f10x_pwr.o(.text)
    PWR_PVDCmd                               0x0800415d   Thumb Code     6  stm32f10x_pwr.o(.text)
    PWR_PVDLevelConfig                       0x08004163   Thumb Code    16  stm32f10x_pwr.o(.text)
    PWR_WakeUpPinCmd                         0x08004173   Thumb Code     6  stm32f10x_pwr.o(.text)
    PWR_EnterSTOPMode                        0x08004179   Thumb Code    44  stm32f10x_pwr.o(.text)
    PWR_EnterSTANDBYMode                     0x080041a5   Thumb Code    46  stm32f10x_pwr.o(.text)
    PWR_GetFlagStatus                        0x080041d3   Thumb Code    20  stm32f10x_pwr.o(.text)
    PWR_ClearFlag                            0x080041e7   Thumb Code    14  stm32f10x_pwr.o(.text)
    BKP_DeInit                               0x08004205   Thumb Code    16  stm32f10x_bkp.o(.text)
    BKP_TamperPinLevelConfig                 0x08004215   Thumb Code     6  stm32f10x_bkp.o(.text)
    BKP_TamperPinCmd                         0x0800421b   Thumb Code     6  stm32f10x_bkp.o(.text)
    BKP_ITConfig                             0x08004221   Thumb Code     6  stm32f10x_bkp.o(.text)
    BKP_RTCOutputConfig                      0x08004227   Thumb Code    26  stm32f10x_bkp.o(.text)
    BKP_SetRTCCalibrationValue               0x08004241   Thumb Code    26  stm32f10x_bkp.o(.text)
    BKP_WriteBackupRegister                  0x0800425b   Thumb Code    10  stm32f10x_bkp.o(.text)
    BKP_ReadBackupRegister                   0x08004265   Thumb Code    12  stm32f10x_bkp.o(.text)
    BKP_GetFlagStatus                        0x08004271   Thumb Code     8  stm32f10x_bkp.o(.text)
    BKP_ClearFlag                            0x08004279   Thumb Code    16  stm32f10x_bkp.o(.text)
    BKP_GetITStatus                          0x08004289   Thumb Code     8  stm32f10x_bkp.o(.text)
    BKP_ClearITPendingBit                    0x08004291   Thumb Code    16  stm32f10x_bkp.o(.text)
    RTC_ITConfig                             0x080042c1   Thumb Code    40  stm32f10x_rtc.o(.text)
    RTC_EnterConfigMode                      0x080042e9   Thumb Code    16  stm32f10x_rtc.o(.text)
    RTC_ExitConfigMode                       0x080042f9   Thumb Code    20  stm32f10x_rtc.o(.text)
    RTC_GetCounter                           0x0800430d   Thumb Code    18  stm32f10x_rtc.o(.text)
    RTC_SetCounter                           0x0800431f   Thumb Code    26  stm32f10x_rtc.o(.text)
    RTC_SetPrescaler                         0x08004339   Thumb Code    28  stm32f10x_rtc.o(.text)
    RTC_SetAlarm                             0x08004355   Thumb Code    26  stm32f10x_rtc.o(.text)
    RTC_GetDivider                           0x0800436f   Thumb Code    26  stm32f10x_rtc.o(.text)
    RTC_WaitForLastTask                      0x08004389   Thumb Code    14  stm32f10x_rtc.o(.text)
    RTC_WaitForSynchro                       0x08004397   Thumb Code    32  stm32f10x_rtc.o(.text)
    RTC_GetFlagStatus                        0x080043b7   Thumb Code    20  stm32f10x_rtc.o(.text)
    RTC_ClearFlag                            0x080043cb   Thumb Code    22  stm32f10x_rtc.o(.text)
    RTC_GetITStatus                          0x080043e1   Thumb Code    34  stm32f10x_rtc.o(.text)
    RTC_ClearITPendingBit                    0x08004403   Thumb Code    22  stm32f10x_rtc.o(.text)
    SystemInit                               0x08004507   Thumb Code    68  system_stm32f10x.o(.text)
    NVIC_Configuration                       0x0800455d   Thumb Code    52  bsp.o(.text)
    BSP_Init                                 0x08004591   Thumb Code    20  bsp.o(.text)
    SysTick_init                             0x080045a5   Thumb Code    78  bsp.o(.text)
    OS_StrCopy                               0x08004605   Thumb Code    28  os_core.o(.text)
    OSEventNameGet                           0x08004621   Thumb Code   126  os_core.o(.text)
    OS_StrLen                                0x0800469f   Thumb Code    20  os_core.o(.text)
    OSEventNameSet                           0x080046b3   Thumb Code   138  os_core.o(.text)
    OS_TaskStatStkChk                        0x0800473d   Thumb Code    54  os_core.o(.text)
    OS_TaskStat                              0x08004773   Thumb Code   116  os_core.o(.text)
    OS_TaskIdle                              0x0800481f   Thumb Code    34  os_core.o(.text)
    OS_MemClr                                0x08004879   Thumb Code    18  os_core.o(.text)
    OSInit                                   0x08004981   Thumb Code    36  os_core.o(.text)
    OSIntEnter                               0x080049a5   Thumb Code    28  os_core.o(.text)
    OSIntExit                                0x080049db   Thumb Code   252  os_core.o(.text)
    OSSchedLock                              0x08004ad7   Thumb Code    50  os_core.o(.text)
    OS_Sched                                 0x08004b09   Thumb Code    86  os_core.o(.text)
    OSSchedUnlock                            0x08004b5f   Thumb Code    84  os_core.o(.text)
    OSStart                                  0x08004bb3   Thumb Code    48  os_core.o(.text)
    OSStatInit                               0x08004be3   Thumb Code    62  os_core.o(.text)
    OSTimeTick                               0x08004c21   Thumb Code   218  os_core.o(.text)
    OSVersion                                0x08004cfb   Thumb Code     6  os_core.o(.text)
    OS_Dummy                                 0x08004d01   Thumb Code     2  os_core.o(.text)
    OS_EventTaskRemove                       0x08004d03   Thumb Code    42  os_core.o(.text)
    OS_EventTaskRdy                          0x08004d2d   Thumb Code   124  os_core.o(.text)
    OS_EventTaskWait                         0x08004da9   Thumb Code   112  os_core.o(.text)
    OS_EventWaitListInit                     0x08004e19   Thumb Code    28  os_core.o(.text)
    OS_MemCopy                               0x08004e35   Thumb Code    20  os_core.o(.text)
    OS_TCBInit                               0x08004e49   Thumb Code   388  os_core.o(.text)
    OSSemAccept                              0x08004fe1   Thumb Code    50  os_sem.o(.text)
    OSSemCreate                              0x08005013   Thumb Code    78  os_sem.o(.text)
    OSSemDel                                 0x08005061   Thumb Code   230  os_sem.o(.text)
    OSSemPend                                0x08005147   Thumb Code   238  os_sem.o(.text)
    OSSemPendAbort                           0x08005235   Thumb Code   142  os_sem.o(.text)
    OSSemPost                                0x080052c3   Thumb Code    94  os_sem.o(.text)
    OSSemQuery                               0x08005321   Thumb Code    94  os_sem.o(.text)
    OSSemSet                                 0x0800537f   Thumb Code    78  os_sem.o(.text)
    OSTaskChangePrio                         0x080053dd   Thumb Code   350  os_task.o(.text)
    OSTaskCreate                             0x0800553b   Thumb Code   158  os_task.o(.text)
    OS_TaskStkClr                            0x080055d9   Thumb Code    26  os_task.o(.text)
    OSTaskCreateExt                          0x080055f3   Thumb Code   184  os_task.o(.text)
    OSTaskDel                                0x080056ab   Thumb Code   304  os_task.o(.text)
    OSTaskDelReq                             0x080057db   Thumb Code   152  os_task.o(.text)
    OSTaskNameGet                            0x08005873   Thumb Code   148  os_task.o(.text)
    OSTaskNameSet                            0x08005907   Thumb Code   162  os_task.o(.text)
    OSTaskResume                             0x080059a9   Thumb Code   168  os_task.o(.text)
    OSTaskStkChk                             0x08005a51   Thumb Code   152  os_task.o(.text)
    OSTaskSuspend                            0x08005ae9   Thumb Code   172  os_task.o(.text)
    OSTaskQuery                              0x08005b95   Thumb Code   100  os_task.o(.text)
    OSTimeDly                                0x08005c11   Thumb Code    94  os_time.o(.text)
    OSTimeDlyHMSM                            0x08005c6f   Thumb Code   158  os_time.o(.text)
    OSTimeDlyResume                          0x08005d0d   Thumb Code   176  os_time.o(.text)
    OSTimeGet                                0x08005dbd   Thumb Code    24  os_time.o(.text)
    OSTimeSet                                0x08005dd5   Thumb Code    24  os_time.o(.text)
    OS_CPU_SR_Save                           0x08005e05   Thumb Code     0  os_cpu_a.o(.text)
    OS_CPU_SR_Restore                        0x08005e0d   Thumb Code     0  os_cpu_a.o(.text)
    OSStartHighRdy                           0x08005e13   Thumb Code     0  os_cpu_a.o(.text)
    OSCtxSw                                  0x08005e33   Thumb Code     0  os_cpu_a.o(.text)
    OSIntCtxSw                               0x08005e3d   Thumb Code     0  os_cpu_a.o(.text)
    OS_CPU_PendSVHandler                     0x08005e47   Thumb Code     0  os_cpu_a.o(.text)
    OSInitHookBegin                          0x08005ea9   Thumb Code     2  os_cpu_c.o(.text)
    OSInitHookEnd                            0x08005eab   Thumb Code     2  os_cpu_c.o(.text)
    OSTaskCreateHook                         0x08005ead   Thumb Code     2  os_cpu_c.o(.text)
    OSTaskDelHook                            0x08005eaf   Thumb Code     2  os_cpu_c.o(.text)
    OSTaskIdleHook                           0x08005eb1   Thumb Code     2  os_cpu_c.o(.text)
    OSTaskStatHook                           0x08005eb3   Thumb Code     2  os_cpu_c.o(.text)
    OSTaskStkInit                            0x08005eb5   Thumb Code   154  os_cpu_c.o(.text)
    OSTaskSwHook                             0x08005f4f   Thumb Code     2  os_cpu_c.o(.text)
    OSTCBInitHook                            0x08005f51   Thumb Code     2  os_cpu_c.o(.text)
    OSTimeTickHook                           0x08005f53   Thumb Code     2  os_cpu_c.o(.text)
    AtCmdRecv                                0x08005f55   Thumb Code   170  gprsctrl.o(.text)
    SendAtCmd                                0x08005fff   Thumb Code   184  gprsctrl.o(.text)
    M35PowerOn                               0x080060dd   Thumb Code     8  m35gprs.o(.text)
    M35PowerOff                              0x080060e5   Thumb Code    10  m35gprs.o(.text)
    M35Init                                  0x080060ef   Thumb Code    60  m35gprs.o(.text)
    M35GetSig                                0x0800612b   Thumb Code    94  m35gprs.o(.text)
    M35DialOn                                0x08006271   Thumb Code   496  m35gprs.o(.text)
    M35LineState                             0x08006461   Thumb Code    66  m35gprs.o(.text)
    GetGprsStat                              0x080064a3   Thumb Code    82  m35gprs.o(.text)
    M35TCPState                              0x080064f5   Thumb Code    20  m35gprs.o(.text)
    M35DialOff                               0x08006509   Thumb Code   212  m35gprs.o(.text)
    M35SetApn                                0x080065dd   Thumb Code    26  m35gprs.o(.text)
    M35SetUserPwd                            0x080065f7   Thumb Code    52  m35gprs.o(.text)
    M35SetMsgCenterNo                        0x0800662b   Thumb Code   152  m35gprs.o(.text)
    M35SendMessage                           0x080066c3   Thumb Code   164  m35gprs.o(.text)
    unPirseSms                               0x08006767   Thumb Code   170  m35gprs.o(.text)
    M35RecvMessage                           0x08006811   Thumb Code   122  m35gprs.o(.text)
    M35Mode                                  0x0800688b   Thumb Code    12  m35gprs.o(.text)
    M35Disconnect                            0x08006897   Thumb Code    38  m35gprs.o(.text)
    M35Connect                               0x080068bd   Thumb Code   660  m35gprs.o(.text)
    M35RawSend                               0x08006b51   Thumb Code   186  m35gprs.o(.text)
    M35GetChar                               0x08006c0b   Thumb Code   410  m35gprs.o(.text)
    M35Dns                                   0x08006da5   Thumb Code    86  m35gprs.o(.text)
    SysClockRead                             0x08006f09   Thumb Code    14  time.o(.text)
    SysClockSet                              0x08006f17   Thumb Code    14  time.o(.text)
    SysClockToUTime                          0x08006f25   Thumb Code    16  time.o(.text)
    UTimeToSysClock                          0x08006f35   Thumb Code    16  time.o(.text)
    SysClockDifference                       0x08006f45   Thumb Code    34  time.o(.text)
    UTimeAdd                                 0x08006f67   Thumb Code   196  time.o(.text)
    SysClockReadCurrent                      0x0800702b   Thumb Code    12  time.o(.text)
    UTimeReadCurrent                         0x08007037   Thumb Code     8  time.o(.text)
    UTimeFormat                              0x0800703f   Thumb Code    56  time.o(.text)
    SysClockFormat                           0x08007077   Thumb Code    34  time.o(.text)
    StartTimeMeasure                         0x08007099   Thumb Code     2  time.o(.text)
    StopTimeMeasure                          0x0800709b   Thumb Code     4  time.o(.text)
    StopTimeMeasureFormat                    0x0800709f   Thumb Code     4  time.o(.text)
    GetClockSysStart                         0x080070a3   Thumb Code    44  time.o(.text)
    ReadExternSysClock                       0x080070cf   Thumb Code    14  time.o(.text)
    SysTimeInit                              0x080070dd   Thumb Code    44  time.o(.text)
    DebugInit                                0x0800713d   Thumb Code    28  log.o(.text)
    PrintLog                                 0x08007159   Thumb Code    50  log.o(.text)
    PrintHexLog                              0x0800718b   Thumb Code   152  log.o(.text)
    PrintErrorLog                            0x08007223   Thumb Code    88  log.o(.text)
    smallcpy                                 0x0800727b   Thumb Code    26  log.o(.text)
    FindStr                                  0x08007295   Thumb Code    50  log.o(.text)
    hex_to_char                              0x080072f9   Thumb Code    28  fun.o(.text)
    char_to_hex                              0x08007315   Thumb Code    32  fun.o(.text)
    bcdtohex                                 0x08007335   Thumb Code    20  fun.o(.text)
    hextobcd                                 0x08007349   Thumb Code    26  fun.o(.text)
    isbcd                                    0x08007363   Thumb Code    42  fun.o(.text)
    string_to_hex                            0x0800738d   Thumb Code    68  fun.o(.text)
    string_to_bcd                            0x080073d1   Thumb Code    64  fun.o(.text)
    sleep                                    0x08007411   Thumb Code    24  sleep.o(.text)
    mutex_init                               0x08007429   Thumb Code    20  mutex.o(.text)
    mutex_create                             0x0800743d   Thumb Code    58  mutex.o(.text)
    mutex_lock                               0x08007477   Thumb Code    84  mutex.o(.text)
    mutex_unlock                             0x080074cb   Thumb Code    74  mutex.o(.text)
    GetAppStartSeconds                       0x08007519   Thumb Code     6  timer.o(.text)
    task_sysTimerTask                        0x08007699   Thumb Code   104  timer.o(.text)
    SysSetFastRoutine                        0x08007701   Thumb Code     8  timer.o(.text)
    SysAddCTimer                             0x08007709   Thumb Code   172  timer.o(.text)
    SysStopCTimer                            0x080077b5   Thumb Code    66  timer.o(.text)
    SysClearCTimer                           0x080077f7   Thumb Code    60  timer.o(.text)
    SysRecalAllCTimer                        0x08007833   Thumb Code    40  timer.o(.text)
    SysRecalRTimer                           0x080078f7   Thumb Code   172  timer.o(.text)
    SysRecalAllRTimer                        0x080079a3   Thumb Code    48  timer.o(.text)
    SysInitRTimerConf                        0x080079d3   Thumb Code    14  timer.o(.text)
    SysAddRTimer                             0x080079e1   Thumb Code   260  timer.o(.text)
    SysStopRTimer                            0x08007ae5   Thumb Code    52  timer.o(.text)
    RunTimeThread                            0x08007b19   Thumb Code    56  timer.o(.text)
    SysTimerInit                             0x08007b51   Thumb Code    78  timer.o(.text)
    shell_timerinfo                          0x08007b9f   Thumb Code   200  timer.o(.text)
    SysInitEvent                             0x08007d55   Thumb Code     6  event.o(.text)
    SysWaitEvent                             0x08007d5b   Thumb Code    26  event.o(.text)
    SysSendEvent                             0x08007d75   Thumb Code     8  event.o(.text)
    GprsInit                                 0x08007d7d   Thumb Code    12  plat_gprs.o(.text)
    GprsPowerOff                             0x08007d89   Thumb Code    10  plat_gprs.o(.text)
    GprsPowerOn                              0x08007d93   Thumb Code     8  plat_gprs.o(.text)
    GprsDialOn                               0x08007d9b   Thumb Code     8  plat_gprs.o(.text)
    GprsDialOff                              0x08007da3   Thumb Code     8  plat_gprs.o(.text)
    GprsGetSig                               0x08007dab   Thumb Code     8  plat_gprs.o(.text)
    GprsSetApn                               0x08007db3   Thumb Code    12  plat_gprs.o(.text)
    GprsSendMessage                          0x08007dbf   Thumb Code    20  plat_gprs.o(.text)
    GprsRecvMessage                          0x08007dd3   Thumb Code    88  plat_gprs.o(.text)
    GprsGetModuleState                       0x08007e2b   Thumb Code     6  plat_gprs.o(.text)
    GprsGetRingState                         0x08007e31   Thumb Code     6  plat_gprs.o(.text)
    GprsSetUserPwd                           0x08007e37   Thumb Code     2  plat_gprs.o(.text)
    GprsSetMsgCenterNo                       0x08007e39   Thumb Code     8  plat_gprs.o(.text)
    GprsSetCmux                              0x08007e41   Thumb Code     4  plat_gprs.o(.text)
    GprsGetApn                               0x08007e45   Thumb Code     4  plat_gprs.o(.text)
    GprsGetMode                              0x08007e49   Thumb Code     4  plat_gprs.o(.text)
    GprsGetIP                                0x08007e4d   Thumb Code     4  plat_gprs.o(.text)
    GprsSigqualityF                          0x08007e51   Thumb Code     4  plat_gprs.o(.text)
    GprsLineState                            0x08007e55   Thumb Code     8  plat_gprs.o(.text)
    GprsTcpState                             0x08007e5d   Thumb Code     8  plat_gprs.o(.text)
    GprsDns                                  0x08007e65   Thumb Code    16  plat_gprs.o(.text)
    NetCreateSocket                          0x08007e9d   Thumb Code    26  network.o(.text)
    NetSetSocketBlockMode                    0x08007eb7   Thumb Code     8  network.o(.text)
    NetConnectHost                           0x08007ebf   Thumb Code    30  network.o(.text)
    NetBindPort                              0x08007edd   Thumb Code     8  network.o(.text)
    NetListen                                0x08007ee5   Thumb Code     8  network.o(.text)
    NetAcceptConnect                         0x08007eed   Thumb Code     8  network.o(.text)
    NetSendtoData                            0x08007ef5   Thumb Code    12  network.o(.text)
    NetRecvfromData                          0x08007f01   Thumb Code    12  network.o(.text)
    NetSendData                              0x08007f0d   Thumb Code    32  network.o(.text)
    NetRecvData                              0x08007f2d   Thumb Code    32  network.o(.text)
    NetCloseSocket                           0x08007f4d   Thumb Code    26  network.o(.text)
    platpara_init                            0x08007f6d   Thumb Code    78  platpara.o(.text)
    platpara_read                            0x08007fbb   Thumb Code    54  platpara.o(.text)
    platpara_write                           0x08007ff1   Thumb Code    82  platpara.o(.text)
    RingInit                                 0x0800804d   Thumb Code    54  ring.o(.text)
    RingClear                                0x08008083   Thumb Code    12  ring.o(.text)
    RingSet                                  0x0800808f   Thumb Code    52  ring.o(.text)
    RingPeek                                 0x080080c3   Thumb Code    22  ring.o(.text)
    RingPop                                  0x080080d9   Thumb Code    52  ring.o(.text)
    RingLength                               0x0800810d   Thumb Code     6  ring.o(.text)
    RingSetBuffer                            0x08008113   Thumb Code    30  ring.o(.text)
    RingGetBuffer                            0x08008131   Thumb Code    54  ring.o(.text)
    PlatInit                                 0x08008171   Thumb Code    24  plat_init.o(.text)
    ShellCmdRig                              0x08008189   Thumb Code    86  shell.o(.text)
    FindShellFunc                            0x080081df   Thumb Code    80  shell.o(.text)
    ShellParseArg                            0x0800822f   Thumb Code   104  shell.o(.text)
    ShellCmdInit                             0x080082d1   Thumb Code    18  shell.o(.text)
    TtyShellStart                            0x080083d3   Thumb Code    34  ttyshell.o(.text)
    shell_cms_init                           0x080087fb   Thumb Code   518  shellcmds.o(.text)
    Dl2007ConverItemid                       0x08008a05   Thumb Code    32  dd645_2007.o(.text)
    Dl2007LongId                             0x08008a25   Thumb Code    30  dd645_2007.o(.text)
    Dl2007MakeReadPktRaw                     0x08008a43   Thumb Code   176  dd645_2007.o(.text)
    Dl2007MakeReadPkt                        0x08008af3   Thumb Code   226  dd645_2007.o(.text)
    Dl2007MakeWritePkt                       0x08008bd5   Thumb Code   306  dd645_2007.o(.text)
    Dl2007MakeWritePktRaw                    0x08008d07   Thumb Code   192  dd645_2007.o(.text)
    Dl2007MakeChkTimePkt                     0x08008dc7   Thumb Code   400  dd645_2007.o(.text)
    Dl2007CheckRead                          0x08008f57   Thumb Code   610  dd645_2007.o(.text)
    Dl2007CheckWrite                         0x080091b9   Thumb Code   156  dd645_2007.o(.text)
    SepDl2007MakeReadPkt                     0x08009255   Thumb Code   278  dd645_2007.o(.text)
    SepDl2007CheckRead                       0x0800936b   Thumb Code   314  dd645_2007.o(.text)
    SepDl2007CheckFrame                      0x080094a5   Thumb Code   204  dd645_2007.o(.text)
    Int2Str                                  0x08009571   Thumb Code    84  ymodem.o(.text)
    Str2Int                                  0x080095c5   Thumb Code   258  ymodem.o(.text)
    Ymodem_Receive                           0x080097bf   Thumb Code   422  ymodem.o(.text)
    Uart_NVIC_Init                           0x08009965   Thumb Code    34  usart.o(.text)
    USART1_Configuration                     0x08009987   Thumb Code   176  usart.o(.text)
    USART2_Configuration                     0x08009a37   Thumb Code   164  usart.o(.text)
    USART3_Configuration                     0x08009adb   Thumb Code   168  usart.o(.text)
    USART4_Configuration                     0x08009b83   Thumb Code   182  usart.o(.text)
    USART5_Configuration                     0x08009c39   Thumb Code   184  usart.o(.text)
    UartIsr                                  0x08009cf1   Thumb Code   266  usart.o(.text)
    USART1_IRQHandler                        0x08009dfb   Thumb Code    18  usart.o(.text)
    USART2_IRQHandler                        0x08009e0d   Thumb Code    18  usart.o(.text)
    USART3_IRQHandler                        0x08009e1f   Thumb Code    18  usart.o(.text)
    UART4_IRQHandler                         0x08009e31   Thumb Code    18  usart.o(.text)
    UART5_IRQHandler                         0x08009e43   Thumb Code    18  usart.o(.text)
    UartOpen                                 0x08009e55   Thumb Code    88  usart.o(.text)
    UartClose                                0x08009ead   Thumb Code    20  usart.o(.text)
    UartSetPara                              0x08009ec1   Thumb Code   130  usart.o(.text)
    UartRecvData                             0x08009f43   Thumb Code    74  usart.o(.text)
    UartSendData                             0x08009f8d   Thumb Code   110  usart.o(.text)
    UartClearRecive                          0x08009ffb   Thumb Code    24  usart.o(.text)
    UartRecvDataLength                       0x0800a013   Thumb Code    18  usart.o(.text)
    fputc                                    0x0800a025   Thumb Code    18  usart.o(.text)
    fgetc                                    0x0800a037   Thumb Code    26  usart.o(.text)
    Tick                                     0x0800a055   Thumb Code    12  rtc.o(.text)
    rtc_update                               0x0800a061   Thumb Code    36  rtc.o(.text)
    utime_to_sysclock                        0x0800a085   Thumb Code   192  rtc.o(.text)
    ExtClockRead                             0x0800a145   Thumb Code    20  rtc.o(.text)
    sysclock_read                            0x0800a159   Thumb Code    16  rtc.o(.text)
    utime_read                               0x0800a169   Thumb Code     6  rtc.o(.text)
    sysclock_to_utime                        0x0800a16f   Thumb Code   112  rtc.o(.text)
    sysclock_set                             0x0800a1df   Thumb Code    20  rtc.o(.text)
    led_init                                 0x0800a1fd   Thumb Code    42  switch.o(.text)
    Signel_led_init                          0x0800a227   Thumb Code    46  switch.o(.text)
    Signel_led                               0x0800a255   Thumb Code   150  switch.o(.text)
    shining_led                              0x0800a2eb   Thumb Code   190  switch.o(.text)
    LedLongShining                           0x0800a3a9   Thumb Code     8  switch.o(.text)
    gprs_vcc_off                             0x0800a3b1   Thumb Code    14  switch.o(.text)
    gprs_switch_init                         0x0800a3bf   Thumb Code    44  switch.o(.text)
    gprs_vcc_on                              0x0800a3eb   Thumb Code    14  switch.o(.text)
    watchdog_feed                            0x0800a3f9   Thumb Code     2  switch.o(.text)
    SysReset                                 0x0800a3fb   Thumb Code    46  switch.o(.text)
    SysHalt                                  0x0800a429   Thumb Code    16  switch.o(.text)
    watchdog_init                            0x0800a439   Thumb Code    34  switch.o(.text)
    PlcRest                                  0x0800a45b   Thumb Code    66  switch.o(.text)
    Shining485Led                            0x0800a49d   Thumb Code    20  switch.o(.text)
    Close485Led                              0x0800a4b1   Thumb Code    46  switch.o(.text)
    f_read                                   0x0800a509   Thumb Code    90  flash.o(.text)
    f_program                                0x0800a563   Thumb Code    60  flash.o(.text)
    f2_read                                  0x0800a59f   Thumb Code    60  flash.o(.text)
    f2_write                                 0x0800a5db   Thumb Code    82  flash.o(.text)
    w25x64_init                              0x0800a62d   Thumb Code   154  w25x64.o(.text)
    SPI_FLASH_SendByte                       0x0800a6c7   Thumb Code    50  w25x64.o(.text)
    w25x64_read                              0x0800a713   Thumb Code    90  w25x64.o(.text)
    SPI_FLASH_WaitForWriteEnd                0x0800a76d   Thumb Code    46  w25x64.o(.text)
    w25x64_sector_erase                      0x0800a79b   Thumb Code    68  w25x64.o(.text)
    SPI_FLASH_BulkErase                      0x0800a7df   Thumb Code    34  w25x64.o(.text)
    w25x64_program                           0x0800a801   Thumb Code   120  w25x64.o(.text)
    stm32rtc_set                             0x0800a8dd   Thumb Code    24  stm32rtc.o(.text)
    Stm32RtcInit                             0x0800a8f5   Thumb Code    88  stm32rtc.o(.text)
    stm32rtc_read                            0x0800a94d   Thumb Code     8  stm32rtc.o(.text)
    CtrlCommand                              0x0800aa39   Thumb Code   414  ctrlcmd.o(.text)
    ClearKeepAlive                           0x0800ac1d   Thumb Code    24  keepalive.o(.text)
    KeepAliveInPeriod                        0x0800ac35   Thumb Code    18  keepalive.o(.text)
    CheckinActivePeriod                      0x0800ac47   Thumb Code    36  keepalive.o(.text)
    KeepAliveProc                            0x0800ac6b   Thumb Code   226  keepalive.o(.text)
    RefreshKeepAlive                         0x0800ad4d   Thumb Code    50  keepalive.o(.text)
    SetKeepAlive                             0x0800ad7f   Thumb Code    24  keepalive.o(.text)
    InitSvrCommNoteIdList                    0x0800adc1   Thumb Code    16  svrcomm.o(.text)
    SvrCommPeekEvent                         0x0800add1   Thumb Code    22  svrcomm.o(.text)
    SvrCommPeekNoteid                        0x0800ade7   Thumb Code    12  svrcomm.o(.text)
    SvrCommRemoveNoteid                      0x0800adf3   Thumb Code    12  svrcomm.o(.text)
    SvrCommNote                              0x0800adff   Thumb Code    50  svrcomm.o(.text)
    SvrConnectNote                           0x0800ae31   Thumb Code    14  svrcomm.o(.text)
    DataTaskCls1ReInit                       0x0800ae59   Thumb Code   260  svrcomm.o(.text)
    SendSmsMessage                           0x0800af7b   Thumb Code    26  svrcomm.o(.text)
    SendUserSmsMessage                       0x0800af95   Thumb Code    26  svrcomm.o(.text)
    GetSmsMessage                            0x0800afaf   Thumb Code     6  svrcomm.o(.text)
    CallCsq                                  0x0800afb5   Thumb Code    14  svrcomm.o(.text)
    SvrCommTask                              0x0800afc3   Thumb Code    90  svrcomm.o(.text)
    SvrCommHaveTask                          0x0800b01d   Thumb Code    16  svrcomm.o(.text)
    QueryCacheLock                           0x0800b0e1   Thumb Code     2  svrmsg.o(.text)
    QueryCacheUnlock                         0x0800b0e3   Thumb Code     2  svrmsg.o(.text)
    SvrEchoSend                              0x0800b0e5   Thumb Code   334  svrmsg.o(.text)
    SvrEchoNoData                            0x0800b233   Thumb Code    44  svrmsg.o(.text)
    QueryDataClassTwo                        0x0800b789   Thumb Code     8  svrmsg.o(.text)
    DlmsForward                              0x0800b791   Thumb Code    16  svrmsg.o(.text)
    SvrMessageDlms                           0x0800b7db   Thumb Code   112  svrmsg.o(.text)
    SvrMessageProc                           0x0800b84b   Thumb Code   638  svrmsg.o(.text)
    IsSvrMsgAfn                              0x0800bac9   Thumb Code    28  svrmsg.o(.text)
    SvrSelfTranFile                          0x0800c13d   Thumb Code    72  tranfile.o(.text)
    SvrSelfTranFileInit                      0x0800c185   Thumb Code    14  tranfile.o(.text)
    UplinkClearState                         0x0800c333   Thumb Code    66  uplink_dl.o(.text)
    UplinkRecvPkt                            0x0800c427   Thumb Code   586  uplink_dl.o(.text)
    UplinkSendPkt                            0x0800c671   Thumb Code   130  uplink_dl.o(.text)
    UplinkDelay                              0x0800c7e5   Thumb Code   154  uplink_dl.o(.text)
    UplinkActiveSend                         0x0800c87f   Thumb Code    96  uplink_dl.o(.text)
    UplinkLogon                              0x0800c8df   Thumb Code   152  uplink_dl.o(.text)
    UplinkLinkTest                           0x0800c977   Thumb Code   160  uplink_dl.o(.text)
    BcdToUnsigned                            0x0800ca85   Thumb Code    44  bcd.o(.text)
    UnsignedToBcd                            0x0800cab1   Thumb Code    76  bcd.o(.text)
    BcdToInt                                 0x0800cafd   Thumb Code   106  bcd.o(.text)
    IntToBcd                                 0x0800cb67   Thumb Code   120  bcd.o(.text)
    HexToBcd                                 0x0800cbdf   Thumb Code    52  bcd.o(.text)
    BcdToHex                                 0x0800cc13   Thumb Code    36  bcd.o(.text)
    BcdToString                              0x0800cc37   Thumb Code    68  bcd.o(.text)
    GprsDevInit                              0x0800cc7d   Thumb Code    10  gprs_dev.o(.text)
    GprsGetName                              0x0800cc87   Thumb Code     2  gprs_dev.o(.text)
    GprsUpdSigAmp                            0x0800cc89   Thumb Code    28  gprs_dev.o(.text)
    GprsRestart                              0x0800ccb9   Thumb Code    36  gprs_dev.o(.text)
    GprsCheck                                0x0800ccdd   Thumb Code    20  gprs_dev.o(.text)
    GprsDail                                 0x0800ccf1   Thumb Code    90  gprs_dev.o(.text)
    GprsDailOff                              0x0800cd4b   Thumb Code    10  gprs_dev.o(.text)
    GprsConnect                              0x0800cd55   Thumb Code   170  gprs_dev.o(.text)
    GprsDisConnect                           0x0800cdff   Thumb Code    30  gprs_dev.o(.text)
    GprsRing                                 0x0800ce1d   Thumb Code     6  gprs_dev.o(.text)
    GprsDectectLine                          0x0800ce23   Thumb Code     2  gprs_dev.o(.text)
    GprsGetChar                              0x0800ce25   Thumb Code    20  gprs_dev.o(.text)
    GprsRawSend                              0x0800ce39   Thumb Code    20  gprs_dev.o(.text)
    GprsCheckTime                            0x0800ce4d   Thumb Code     2  gprs_dev.o(.text)
    StrToIp                                  0x0800ce4f   Thumb Code    96  gprs_dev.o(.text)
    UnPackSmsCmd                             0x0800cf3b   Thumb Code   266  gprs_dev.o(.text)
    ReTryConnect                             0x0800d43f   Thumb Code    72  gprs_task.o(.text)
    GprsTask                                 0x0800d89b   Thumb Code     8  gprs_task.o(.text)
    SendSmsTest                              0x0800d8a3   Thumb Code    22  gprs_task.o(.text)
    LoadParaMeter                            0x0800d925   Thumb Code    32  meter.o(.text)
    SaveParaMeter                            0x0800d945   Thumb Code    32  meter.o(.text)
    ParaOperationF10                         0x0800d965   Thumb Code   660  meter.o(.text)
    ParaOperationZero                        0x0800dc6d   Thumb Code    30  operation.o(.text)
    ParaOperationZero2                       0x0800dc8b   Thumb Code    46  operation.o(.text)
    SetSaveParamFlag                         0x0800dcb9   Thumb Code    12  operation.o(.text)
    WriteParam                               0x0800dcc5   Thumb Code   462  operation.o(.text)
    ReadParam                                0x0800de93   Thumb Code   664  operation.o(.text)
    ClearSaveParamFlag                       0x0800e12b   Thumb Code     8  operation.o(.text)
    ClearAllData                             0x0800e133   Thumb Code     2  operation.o(.text)
    SaveCleanData                            0x0800e135   Thumb Code     2  operation.o(.text)
    ClearAllParam                            0x0800e137   Thumb Code    32  operation.o(.text)
    ClearFactoryParam                        0x0800e157   Thumb Code     8  operation.o(.text)
    SetParamOkFlag                           0x0800e15f   Thumb Code    34  operation.o(.text)
    CheckParamOkFlag                         0x0800e181   Thumb Code    78  operation.o(.text)
    LoadParaComb2                            0x0800e1d9   Thumb Code    40  param_init.o(.text)
    ParamInit                                0x0800e23f   Thumb Code    22  param_init.o(.text)
    LoadDefParaTerm                          0x0800e2d1   Thumb Code   200  term.o(.text)
    LoadDefParaTerm2                         0x0800e399   Thumb Code   158  term.o(.text)
    LoadParaTerm                             0x0800e437   Thumb Code    74  term.o(.text)
    SetParaNetAddr                           0x0800e481   Thumb Code    34  term.o(.text)
    SaveParaTerm                             0x0800e4a3   Thumb Code    38  term.o(.text)
    ParaOperationF1                          0x0800e4c9   Thumb Code    48  term.o(.text)
    ParaOperationF2                          0x0800e4f9   Thumb Code    58  term.o(.text)
    ParaOperationF4                          0x0800e533   Thumb Code    52  term.o(.text)
    ParaOperationF5                          0x0800e567   Thumb Code    52  term.o(.text)
    ParaOperationF3                          0x0800e59b   Thumb Code    60  term.o(.text)
    ParaOperationF7                          0x0800e5d7   Thumb Code   632  term.o(.text)
    ParaOperationF8                          0x0800e84f   Thumb Code   258  term.o(.text)
    ParaOperationF16                         0x0800e951   Thumb Code    52  term.o(.text)
    LoadDefParaUni                           0x0800e989   Thumb Code   114  unique.o(.text)
    LoadDefParaUni2                          0x0800e9fb   Thumb Code    90  unique.o(.text)
    LoadParaUni                              0x0800ea55   Thumb Code    62  unique.o(.text)
    SaveParaUni                              0x0800ea93   Thumb Code    34  unique.o(.text)
    ParaOperationF85                         0x0800eab5   Thumb Code    52  unique.o(.text)
    ParaOperationF161                        0x0800eae9   Thumb Code    48  unique.o(.text)
    ParaOperationF169                        0x0800eb19   Thumb Code    44  unique.o(.text)
    ParaOperationF171                        0x0800eb45   Thumb Code    54  unique.o(.text)
    ParaOperationF170                        0x0800eb99   Thumb Code   110  unique.o(.text)
    ParaOperationF240                        0x0800ec07   Thumb Code    52  unique.o(.text)
    GetUserPhoneNumber                       0x0800ec3b   Thumb Code     6  unique.o(.text)
    ClearRunState                            0x0800ece5   Thumb Code    12  runstate.o(.text)
    IsSelfReboot                             0x0800ecf1   Thumb Code     6  runstate.o(.text)
    SaveRunState                             0x0800ecf7   Thumb Code    40  runstate.o(.text)
    RunStateInit                             0x0800ed1f   Thumb Code    90  runstate.o(.text)
    MAKE_SHORT                               0x0800ee35   Thumb Code    22  align.o(.text)
    DEPART_SHORT                             0x0800ee4b   Thumb Code    18  align.o(.text)
    MAKE_LONG                                0x0800ee5d   Thumb Code    32  align.o(.text)
    DEPART_LONG                              0x0800ee7d   Thumb Code    30  align.o(.text)
    CalculateCRC                             0x0800ee9d   Thumb Code    48  crc.o(.text)
    CalculateCRCStep                         0x0800eecd   Thumb Code    44  crc.o(.text)
    pppfcs16                                 0x0800eef9   Thumb Code    32  crc.o(.text)
    SysRestart                               0x0800ef21   Thumb Code    26  reset.o(.text)
    SysPowerDown                             0x0800ef3b   Thumb Code    26  reset.o(.text)
    SysAppExit                               0x0800ef55   Thumb Code     2  reset.o(.text)
    store_iap                                0x0800ef79   Thumb Code   166  store_iap.o(.text)
    store_iap_start                          0x0800f01f   Thumb Code    44  store_iap.o(.text)
    store_iap_end                            0x0800f04b   Thumb Code    36  store_iap.o(.text)
    para_writeflash_bin                      0x0800f0f1   Thumb Code    20  flashsave.o(.text)
    para_readflash_bin                       0x0800f105   Thumb Code    20  flashsave.o(.text)
    para_rmflash_bin                         0x0800f119   Thumb Code    12  flashsave.o(.text)
    alarm_writeflash_bin                     0x0800f125   Thumb Code     6  flashsave.o(.text)
    alarm_readflash_bin                      0x0800f12b   Thumb Code     8  flashsave.o(.text)
    alarm_rmflash_bin                        0x0800f133   Thumb Code     4  flashsave.o(.text)
    para_save                                0x0800f139   Thumb Code    92  store_para.o(.text)
    para_read                                0x0800f195   Thumb Code    96  store_para.o(.text)
    para_rm                                  0x0800f1f5   Thumb Code   114  store_para.o(.text)
    task_app                                 0x0800f301   Thumb Code   120  appmain.o(.text)
    RunAppTask                               0x0800f379   Thumb Code    56  appmain.o(.text)
    RunStackCheck                            0x0800f3b1   Thumb Code    84  appmain.o(.text)
    SysInit                                  0x0800f4a9   Thumb Code    22  sys_init.o(.text)
    SysCallInit                              0x0800f4d1   Thumb Code    24  syscall_init.o(.text)
    Rs485Lock                                0x0800f4fd   Thumb Code    22  cenmet_dlms.o(.text)
    Rs485Unlock                              0x0800f513   Thumb Code    10  cenmet_dlms.o(.text)
    ReadMoney                                0x0800f51d   Thumb Code    12  cenmet_dlms.o(.text)
    CenMetForward                            0x0800f529   Thumb Code   138  cenmet_dlms.o(.text)
    Rs485Init                                0x0800f645   Thumb Code    54  cenmet_dlms.o(.text)
    ReadMeter                                0x0800f67b   Thumb Code    12  cenmet_dlms.o(.text)
    DoRecharge                               0x0800f687   Thumb Code    24  cenmet_dlms.o(.text)
    RechargePro                              0x0800f69f   Thumb Code   204  cenmet_dlms.o(.text)
    CenMetTask                               0x0800fb8f   Thumb Code    56  cenmet_dlms.o(.text)
    InitCenmet                               0x0800fbc7   Thumb Code    56  cenmet_dlms.o(.text)
    UnparseDLMSPacket                        0x0800fca9   Thumb Code   568  hdlc.o(.text)
    FindHdlcPcket                            0x0800fee1   Thumb Code    20  hdlc.o(.text)
    ParaOperationF65                         0x0800ff91   Thumb Code    72  datatask.o(.text)
    ParaOperationF67                         0x0800ffd9   Thumb Code   106  datatask.o(.text)
    __rt_ctype_table                         0x08010049   Thumb Code     4  ctype_o.o(.text)
    __aeabi_memcpy                           0x08010051   Thumb Code    36  memcpya.o(.text)
    __aeabi_memcpy4                          0x08010051   Thumb Code     0  memcpya.o(.text)
    __aeabi_memcpy8                          0x08010051   Thumb Code     0  memcpya.o(.text)
    __aeabi_memset                           0x08010075   Thumb Code    14  memseta.o(.text)
    __aeabi_memset4                          0x08010075   Thumb Code     0  memseta.o(.text)
    __aeabi_memset8                          0x08010075   Thumb Code     0  memseta.o(.text)
    __aeabi_memclr                           0x08010083   Thumb Code     4  memseta.o(.text)
    __aeabi_memclr4                          0x08010083   Thumb Code     0  memseta.o(.text)
    __aeabi_memclr8                          0x08010083   Thumb Code     0  memseta.o(.text)
    _memset$wrapper                          0x08010087   Thumb Code    20  memseta.o(.text)
    strstr                                   0x0801009b   Thumb Code    44  strstr.o(.text)
    strncpy                                  0x080100c7   Thumb Code    24  strncpy.o(.text)
    strchr                                   0x080100df   Thumb Code    18  strchr.o(.text)
    strlen                                   0x080100f1   Thumb Code    16  strlen.o(.text)
    strcmp                                   0x08010101   Thumb Code    28  strcmp.o(.text)
    memcmp                                   0x0801011d   Thumb Code    26  memcmp.o(.text)
    strcpy                                   0x08010137   Thumb Code    18  strcpy.o(.text)
    atoi                                     0x08010149   Thumb Code    26  atoi.o(.text)
    __aeabi_uidiv                            0x08010163   Thumb Code     0  uidiv.o(.text)
    __aeabi_uidivmod                         0x08010163   Thumb Code    44  uidiv.o(.text)
    __aeabi_uldivmod                         0x0801018f   Thumb Code    90  uldiv.o(.text)
    strtol                                   0x080101e9   Thumb Code   112  strtol.o(.text)
    __I$use$fp                               0x08010259   Thumb Code     0  iusefp.o(.text)
    __aeabi_dadd                             0x08010259   Thumb Code   338  dadd.o(.text)
    __aeabi_dsub                             0x080103ab   Thumb Code     6  dadd.o(.text)
    __aeabi_drsub                            0x080103b1   Thumb Code     6  dadd.o(.text)
    __aeabi_dmul                             0x080103b7   Thumb Code   240  dmul.o(.text)
    __aeabi_ddiv                             0x080104a7   Thumb Code   280  ddiv.o(.text)
    __aeabi_d2ulz                            0x080105bf   Thumb Code    50  dfixul.o(.text)
    __aeabi_cdrcmple                         0x080105f1   Thumb Code    74  cdrcmple.o(.text)
    __scatterload                            0x0801063d   Thumb Code    28  init.o(.text)
    __scatterload_rt2                        0x0801063d   Thumb Code     0  init.o(.text)
    __aeabi_llsl                             0x08010661   Thumb Code    32  llshl.o(.text)
    _ll_shift_l                              0x08010661   Thumb Code     0  llshl.o(.text)
    __aeabi_llsr                             0x08010681   Thumb Code    30  llushr.o(.text)
    _ll_ushift_r                             0x08010681   Thumb Code     0  llushr.o(.text)
    __aeabi_lasr                             0x0801069f   Thumb Code    34  llsshr.o(.text)
    _ll_sshift_r                             0x0801069f   Thumb Code     0  llsshr.o(.text)
    _strtoul                                 0x080106c1   Thumb Code   152  _strtoul.o(.text)
    _double_round                            0x08010759   Thumb Code    50  depilogue.o(.text)
    _double_epilogue                         0x0801078b   Thumb Code   184  depilogue.o(.text)
    _chval                                   0x08010843   Thumb Code    32  _chval.o(.text)
    __decompress                             0x08010863   Thumb Code     0  __dczerorl2.o(.text)
    __decompress1                            0x08010863   Thumb Code    94  __dczerorl2.o(.text)
    __0printf                                0x080108c1   Thumb Code    22  printfa.o(i.__0printf)
    __1printf                                0x080108c1   Thumb Code     0  printfa.o(i.__0printf)
    __2printf                                0x080108c1   Thumb Code     0  printfa.o(i.__0printf)
    __c89printf                              0x080108c1   Thumb Code     0  printfa.o(i.__0printf)
    printf                                   0x080108c1   Thumb Code     0  printfa.o(i.__0printf)
    __0sprintf                               0x080108e1   Thumb Code    34  printfa.o(i.__0sprintf)
    __1sprintf                               0x080108e1   Thumb Code     0  printfa.o(i.__0sprintf)
    __2sprintf                               0x080108e1   Thumb Code     0  printfa.o(i.__0sprintf)
    __c89sprintf                             0x080108e1   Thumb Code     0  printfa.o(i.__0sprintf)
    sprintf                                  0x080108e1   Thumb Code     0  printfa.o(i.__0sprintf)
    __0vsprintf                              0x08010909   Thumb Code    28  printfa.o(i.__0vsprintf)
    __1vsprintf                              0x08010909   Thumb Code     0  printfa.o(i.__0vsprintf)
    __2vsprintf                              0x08010909   Thumb Code     0  printfa.o(i.__0vsprintf)
    __c89vsprintf                            0x08010909   Thumb Code     0  printfa.o(i.__0vsprintf)
    vsprintf                                 0x08010909   Thumb Code     0  printfa.o(i.__0vsprintf)
    __aeabi_errno_addr                       0x08010929   Thumb Code     4  errno.o(i.__aeabi_errno_addr)
    __rt_errno_addr                          0x08010929   Thumb Code     0  errno.o(i.__aeabi_errno_addr)
    __scatterload_copy                       0x08010931   Thumb Code    14  handlers.o(i.__scatterload_copy)
    __scatterload_null                       0x0801093f   Thumb Code     2  handlers.o(i.__scatterload_null)
    __scatterload_zeroinit                   0x08010941   Thumb Code    14  handlers.o(i.__scatterload_zeroinit)
    fgets                                    0x0801126f   Thumb Code    60  fgets.o(i.fgets)
    putc                                     0x080112ab   Thumb Code     4  putc.o(i.putc)
    puts                                     0x080112b1   Thumb Code    32  puts.o(i.puts)
    SystemFrequency                          0x080112d4   Data           4  system_stm32f10x.o(.constdata)
    SystemFrequency_SysClk                   0x080112d8   Data           4  system_stm32f10x.o(.constdata)
    SystemFrequency_AHBClk                   0x080112dc   Data           4  system_stm32f10x.o(.constdata)
    SystemFrequency_APB1Clk                  0x080112e0   Data           4  system_stm32f10x.o(.constdata)
    SystemFrequency_APB2Clk                  0x080112e4   Data           4  system_stm32f10x.o(.constdata)
    OSUnMapTbl                               0x080112e8   Data         256  os_core.o(.constdata)
    UplinkInterface                          0x080126ec   Data          40  uplink_buffer.o(.constdata)
    __ctype_table                            0x08012c68   Data         129  ctype_o.o(.constdata)
    Region$$Table$$Base                      0x080131b8   Number         0  anon$$obj.o(Region$$Table)
    Region$$Table$$Limit                     0x080131d8   Number         0  anon$$obj.o(Region$$Table)
    OSCtxSwCtr                               0x20000014   Data           4  os_core.o(.data)
    OSEventFreeList                          0x20000018   Data           4  os_core.o(.data)
    OSCPUUsage                               0x2000001c   Data           1  os_core.o(.data)
    OSIdleCtrMax                             0x20000020   Data           4  os_core.o(.data)
    OSIdleCtrRun                             0x20000024   Data           4  os_core.o(.data)
    OSStatRdy                                0x20000028   Data           1  os_core.o(.data)
    OSIntNesting                             0x20000029   Data           1  os_core.o(.data)
    OSLockNesting                            0x2000002a   Data           1  os_core.o(.data)
    OSPrioCur                                0x2000002b   Data           1  os_core.o(.data)
    OSPrioHighRdy                            0x2000002c   Data           1  os_core.o(.data)
    OSRdyGrp                                 0x2000002d   Data           1  os_core.o(.data)
    OSRdyTbl                                 0x2000002e   Data           4  os_core.o(.data)
    OSRunning                                0x20000032   Data           1  os_core.o(.data)
    OSTaskCtr                                0x20000033   Data           1  os_core.o(.data)
    OSIdleCtr                                0x20000034   Data           4  os_core.o(.data)
    OSTCBCur                                 0x20000038   Data           4  os_core.o(.data)
    OSTCBFreeList                            0x2000003c   Data           4  os_core.o(.data)
    OSTCBHighRdy                             0x20000040   Data           4  os_core.o(.data)
    OSTCBList                                0x20000044   Data           4  os_core.o(.data)
    OSTickStepState                          0x20000048   Data           1  os_core.o(.data)
    OSTime                                   0x2000004c   Data           4  os_core.o(.data)
    data_accept                              0x20000058   Data           4  m35gprs.o(.data)
    Error                                    0x2000005c   Data           4  m35gprs.o(.data)
    logType                                  0x200000a0   Data           1  log.o(.data)
    LOG_STR                                  0x200000a4   Data          28  log.o(.data)
    LogSwitch                                0x200000c8   Data           1  log.o(.data)
    debug_sms_len                            0x200000e8   Data           1  plat_gprs.o(.data)
    debug_sms_rv                             0x200000e9   Data           1  plat_gprs.o(.data)
    _type                                    0x200000ec   Data           4  network.o(.data)
    proto_dl2007_itemlist                    0x200001b4   Data           4  dd645_2007.o(.data)
    shining_led_state                        0x2000025c   Data           1  switch.o(.data)
    LongShiningState                         0x2000025d   Data           1  switch.o(.data)
    shining_485_state                        0x2000025e   Data           1  switch.o(.data)
    SvrCommInterface                         0x2000026c   Data           1  svrcomm.o(.data)
    SvrCommLineState                         0x20000270   Data           4  svrcomm.o(.data)
    SvrCommFlag                              0x20000274   Data           4  svrcomm.o(.data)
    IRrcvFlag                                0x20000288   Data           4  uplink_dl.o(.data)
    GprsLoginState                           0x20000290   Data           1  gprs_dev.o(.data)
    GprsActConnetSvr                         0x20000291   Data           1  gprs_dev.o(.data)
    GprsConnetMode                           0x20000292   Data           1  gprs_dev.o(.data)
    GprsDevSigdBm                            0x20000294   Data           2  gprs_dev.o(.data)
    GprsDevDailState                         0x200002a0   Data           1  gprs_dev.o(.data)
    GprsDevLineState                         0x200002a1   Data           1  gprs_dev.o(.data)
    GprsDevRingFlag                          0x200002a2   Data           1  gprs_dev.o(.data)
    __stdin                                  0x20000500   Data           4  stdin.o(.data)
    __stdout                                 0x20000504   Data           4  stdout.o(.data)
    OSEventTbl                               0x20000764   Data         480  os_core.o(.bss)
    OSTaskStatStk                            0x20000944   Data         512  os_core.o(.bss)
    OSTaskIdleStk                            0x20000b44   Data         512  os_core.o(.bss)
    OSTCBPrioTbl                             0x20000d44   Data         128  os_core.o(.bss)
    OSTCBTbl                                 0x20000dc4   Data        1440  os_core.o(.bss)
    debug_sms                                0x20001a30   Data         220  plat_gprs.o(.bss)
    platpara                                 0x20001b0c   Data          11  platpara.o(.bss)
    Uart1Recvebuf                            0x200022f4   Data         256  usart.o(.bss)
    Uart2Recvebuf                            0x200023f4   Data         256  usart.o(.bss)
    Uart3Recvebuf                            0x200024f4   Data        2000  usart.o(.bss)
    Uart4Recvebuf                            0x20002cc4   Data         256  usart.o(.bss)
    Uart5Recvebuf                            0x20002dc4   Data         256  usart.o(.bss)
    Uart1Sendbuf                             0x20002ec4   Data         128  usart.o(.bss)
    Uart2Sendbuf                             0x20002f44   Data         128  usart.o(.bss)
    Uart3Sendbuf                             0x20002fc4   Data         128  usart.o(.bss)
    Uart4Sendbuf                             0x20003044   Data         128  usart.o(.bss)
    Uart5Sendbuf                             0x200030c4   Data         128  usart.o(.bss)
    QueryCache                               0x2000332c   Data        6912  svrmsg.o(.bss)
    ParaMeter                                0x20005866   Data          15  meter.o(.bss)
    para_comb                                0x20005894   Data        1068  param_init.o(.bss)
    RunState                                 0x20005cc0   Data          32  runstate.o(.bss)
    __initial_sp                             0x20006920   Data           0  startup_stm32f10x_hd.o(STACK)



==============================================================================

Memory Map of the image

  Image Entry point : 0x08003131

  Load Region LR_IROM1 (Base: 0x08003000, Size: 0x000106e4, Max: 0x00040000, ABSOLUTE, COMPRESSED[0x00010538])

    Execution Region ER_IROM1 (Base: 0x08003000, Size: 0x000101d8, Max: 0x00040000, ABSOLUTE)

    Base Addr    Size         Type   Attr      Idx    E Section Name        Object

    0x08003000   0x00000130   Data   RO            3    RESET               startup_stm32f10x_hd.o
    0x08003130   0x00000000   Code   RO         1901  * .ARM.Collect$$$$00000000  entry.o(mc_w.l)
    0x08003130   0x00000004   Code   RO         2225    .ARM.Collect$$$$00000001  entry2.o(mc_w.l)
    0x08003134   0x00000004   Code   RO         2228    .ARM.Collect$$$$00000004  entry5.o(mc_w.l)
    0x08003138   0x00000008   Code   RO         2229    .ARM.Collect$$$$00000007  entry7.o(mc_w.l)
    0x08003140   0x00000004   Code   RO         2226    .ARM.Collect$$$$00002712  entry2.o(mc_w.l)
    0x08003144   0x00000030   Code   RO            4    .text               startup_stm32f10x_hd.o
    0x08003174   0x0000012c   Code   RO           10    .text               main.o
    0x080032a0   0x00000048   Code   RO          115    .text               stm32f10x_it.o
    0x080032e8   0x00000320   Code   RO          130    .text               stm32f10x_gpio.o
    0x08003608   0x00000390   Code   RO          142    .text               stm32f10x_rcc.o
    0x08003998   0x000000f8   Code   RO          168    .text               misc.o
    0x08003a90   0x00000370   Code   RO          180    .text               stm32f10x_usart.o
    0x08003e00   0x00000300   Code   RO          192    .text               stm32f10x_spi.o
    0x08004100   0x00000040   Code   RO          207    .text               stm32f10x_iwdg.o
    0x08004140   0x000000c4   Code   RO          222    .text               stm32f10x_pwr.o
    0x08004204   0x000000bc   Code   RO          237    .text               stm32f10x_bkp.o
    0x080042c0   0x00000178   Code   RO          252    .text               stm32f10x_rtc.o
    0x08004438   0x00000124   Code   RO          274    .text               system_stm32f10x.o
    0x0800455c   0x000000a8   Code   RO          292    .text               bsp.o
    0x08004604   0x000009dc   Code   RO          315    .text               os_core.o
    0x08004fe0   0x000003fc   Code   RO          365    .text               os_sem.o
    0x080053dc   0x00000834   Code   RO          377    .text               os_task.o
    0x08005c10   0x000001f4   Code   RO          389    .text               os_time.o
    0x08005e04   0x000000a4   Code   RO          407    .text               os_cpu_a.o
    0x08005ea8   0x000000ac   Code   RO          410    .text               os_cpu_c.o
    0x08005f54   0x00000188   Code   RO          438    .text               gprsctrl.o
    0x080060dc   0x00000e2c   Code   RO          484    .text               m35gprs.o
    0x08006f08   0x00000234   Code   RO          531    .text               time.o
    0x0800713c   0x000001bc   Code   RO          562    .text               log.o
    0x080072f8   0x00000118   Code   RO          596    .text               fun.o
    0x08007410   0x00000018   Code   RO          607    .text               sleep.o
    0x08007428   0x000000f0   Code   RO          619    .text               mutex.o
    0x08007518   0x0000083c   Code   RO          640    .text               timer.o
    0x08007d54   0x00000028   Code   RO          669    .text               event.o
    0x08007d7c   0x00000120   Code   RO          684    .text               plat_gprs.o
    0x08007e9c   0x000000d0   Code   RO          722    .text               network.o
    0x08007f6c   0x000000e0   Code   RO          749    .text               platpara.o
    0x0800804c   0x00000124   Code   RO          780    .text               ring.o
    0x08008170   0x00000018   Code   RO          802    .text               plat_init.o
    0x08008188   0x000001c8   Code   RO          817    .text               shell.o
    0x08008350   0x000000cc   Code   RO          840    .text               ttyshell.o
    0x0800841c   0x000005e8   Code   RO          858    .text               shellcmds.o
    0x08008a04   0x00000b6c   Code   RO         1062    .text               dd645_2007.o
    0x08009570   0x000003f4   Code   RO         1085    .text               ymodem.o
    0x08009964   0x000006f0   Code   RO         1106    .text               usart.o
    0x0800a054   0x000001a8   Code   RO         1133    .text               rtc.o
    0x0800a1fc   0x0000030c   Code   RO         1166    .text               switch.o
    0x0800a508   0x00000124   Code   RO         1185    .text               flash.o
    0x0800a62c   0x00000258   Code   RO         1219    .text               w25x64.o
    0x0800a884   0x00000108   Code   RO         1251    .text               stm32rtc.o
    0x0800a98c   0x00000284   Code   RO         1267    .text               ctrlcmd.o
    0x0800ac10   0x000001b0   Code   RO         1342    .text               keepalive.o
    0x0800adc0   0x00000320   Code   RO         1359    .text               svrcomm.o
    0x0800b0e0   0x00000a0c   Code   RO         1397    .text               svrmsg.o
    0x0800baec   0x000006d0   Code   RO         1427    .text               tranfile.o
    0x0800c1bc   0x00000004   Code   RO         1445    .text               uplink_buffer.o
    0x0800c1c0   0x000008c4   Code   RO         1463    .text               uplink_dl.o
    0x0800ca84   0x000001f6   Code   RO         1484    .text               bcd.o
    0x0800cc7a   0x00000002   PAD
    0x0800cc7c   0x00000494   Code   RO         1495    .text               gprs_dev.o
    0x0800d110   0x00000814   Code   RO         1520    .text               gprs_task.o
    0x0800d924   0x00000348   Code   RO         1543    .text               meter.o
    0x0800dc6c   0x0000056c   Code   RO         1569    .text               operation.o
    0x0800e1d8   0x000000f8   Code   RO         1587    .text               param_init.o
    0x0800e2d0   0x000006b8   Code   RO         1605    .text               term.o
    0x0800e988   0x0000035c   Code   RO         1617    .text               unique.o
    0x0800ece4   0x00000150   Code   RO         1655    .text               runstate.o
    0x0800ee34   0x00000066   Code   RO         1674    .text               align.o
    0x0800ee9a   0x00000002   PAD
    0x0800ee9c   0x00000084   Code   RO         1685    .text               crc.o
    0x0800ef20   0x00000058   Code   RO         1700    .text               reset.o
    0x0800ef78   0x00000178   Code   RO         1715    .text               store_iap.o
    0x0800f0f0   0x00000046   Code   RO         1740    .text               flashsave.o
    0x0800f136   0x00000002   PAD
    0x0800f138   0x000001c8   Code   RO         1764    .text               store_para.o
    0x0800f300   0x000001a8   Code   RO         1782    .text               appmain.o
    0x0800f4a8   0x00000028   Code   RO         1799    .text               sys_init.o
    0x0800f4d0   0x0000002c   Code   RO         1825    .text               syscall_init.o
    0x0800f4fc   0x000007ac   Code   RO         1837    .text               cenmet_dlms.o
    0x0800fca8   0x0000024c   Code   RO         1864    .text               hdlc.o
    0x0800fef4   0x00000154   Code   RO         1876    .text               datatask.o
    0x08010048   0x00000008   Code   RO         1914    .text               ctype_o.o(mc_w.l)
    0x08010050   0x00000024   Code   RO         1942    .text               memcpya.o(mc_w.l)
    0x08010074   0x00000026   Code   RO         1944    .text               memseta.o(mc_w.l)
    0x0801009a   0x0000002c   Code   RO         1946    .text               strstr.o(mc_w.l)
    0x080100c6   0x00000018   Code   RO         1948    .text               strncpy.o(mc_w.l)
    0x080100de   0x00000012   Code   RO         1950    .text               strchr.o(mc_w.l)
    0x080100f0   0x00000010   Code   RO         1952    .text               strlen.o(mc_w.l)
    0x08010100   0x0000001c   Code   RO         1954    .text               strcmp.o(mc_w.l)
    0x0801011c   0x0000001a   Code   RO         1956    .text               memcmp.o(mc_w.l)
    0x08010136   0x00000012   Code   RO         1958    .text               strcpy.o(mc_w.l)
    0x08010148   0x0000001a   Code   RO         2223    .text               atoi.o(mc_w.l)
    0x08010162   0x0000002c   Code   RO         2230    .text               uidiv.o(mc_w.l)
    0x0801018e   0x0000005a   Code   RO         2232    .text               uldiv.o(mc_w.l)
    0x080101e8   0x00000070   Code   RO         2241    .text               strtol.o(mc_w.l)
    0x08010258   0x00000000   Code   RO         2243    .text               iusefp.o(mc_w.l)
    0x08010258   0x0000015e   Code   RO         2244    .text               dadd.o(mf_w.l)
    0x080103b6   0x000000f0   Code   RO         2246    .text               dmul.o(mf_w.l)
    0x080104a6   0x00000118   Code   RO         2248    .text               ddiv.o(mf_w.l)
    0x080105be   0x00000032   Code   RO         2250    .text               dfixul.o(mf_w.l)
    0x080105f0   0x0000004c   Code   RO         2252    .text               cdrcmple.o(mf_w.l)
    0x0801063c   0x00000024   Code   RO         2254    .text               init.o(mc_w.l)
    0x08010660   0x00000020   Code   RO         2256    .text               llshl.o(mc_w.l)
    0x08010680   0x0000001e   Code   RO         2258    .text               llushr.o(mc_w.l)
    0x0801069e   0x00000022   Code   RO         2260    .text               llsshr.o(mc_w.l)
    0x080106c0   0x00000098   Code   RO         2262    .text               _strtoul.o(mc_w.l)
    0x08010758   0x000000ea   Code   RO         2264    .text               depilogue.o(mf_w.l)
    0x08010842   0x00000020   Code   RO         2266    .text               _chval.o(mc_w.l)
    0x08010862   0x0000005e   Code   RO         2276    .text               __dczerorl2.o(mc_w.l)
    0x080108c0   0x00000020   Code   RO         2195    i.__0printf         printfa.o(mc_w.l)
    0x080108e0   0x00000028   Code   RO         2197    i.__0sprintf        printfa.o(mc_w.l)
    0x08010908   0x00000020   Code   RO         2201    i.__0vsprintf       printfa.o(mc_w.l)
    0x08010928   0x00000008   Code   RO         2234    i.__aeabi_errno_addr  errno.o(mc_w.l)
    0x08010930   0x0000000e   Code   RO         2270    i.__scatterload_copy  handlers.o(mc_w.l)
    0x0801093e   0x00000002   Code   RO         2271    i.__scatterload_null  handlers.o(mc_w.l)
    0x08010940   0x0000000e   Code   RO         2272    i.__scatterload_zeroinit  handlers.o(mc_w.l)
    0x0801094e   0x00000002   PAD
    0x08010950   0x000001a0   Code   RO         2202    i._fp_digits        printfa.o(mc_w.l)
    0x08010af0   0x00000720   Code   RO         2203    i._printf_core      printfa.o(mc_w.l)
    0x08011210   0x00000026   Code   RO         2204    i._printf_post_padding  printfa.o(mc_w.l)
    0x08011236   0x0000002e   Code   RO         2205    i._printf_pre_padding  printfa.o(mc_w.l)
    0x08011264   0x0000000a   Code   RO         2207    i._sputc            printfa.o(mc_w.l)
    0x0801126e   0x0000003c   Code   RO         1906    i.fgets             fgets.o(mc_w.l)
    0x080112aa   0x00000004   Code   RO         1908    i.putc              putc.o(mc_w.l)
    0x080112ae   0x00000002   PAD
    0x080112b0   0x00000024   Code   RO         1904    i.puts              puts.o(mc_w.l)
    0x080112d4   0x00000014   Data   RO          275    .constdata          system_stm32f10x.o
    0x080112e8   0x00000100   Data   RO          317    .constdata          os_core.o
    0x080113e8   0x000003e0   Data   RO          486    .constdata          m35gprs.o
    0x080117c8   0x00000010   Data   RO          564    .constdata          log.o
    0x080117d8   0x00000018   Data   RO          751    .constdata          platpara.o
    0x080117f0   0x00000dec   Data   RO         1063    .constdata          dd645_2007.o
    0x080125dc   0x00000030   Data   RO         1134    .constdata          rtc.o
    0x0801260c   0x00000014   Data   RO         1268    .constdata          ctrlcmd.o
    0x08012620   0x000000a0   Data   RO         1399    .constdata          svrmsg.o
    0x080126c0   0x0000002c   Data   RO         1429    .constdata          tranfile.o
    0x080126ec   0x00000028   Data   RO         1447    .constdata          uplink_buffer.o
    0x08012714   0x00000014   Data   RO         1496    .constdata          gprs_dev.o
    0x08012728   0x0000000a   Data   RO         1545    .constdata          meter.o
    0x08012732   0x00000002   PAD
    0x08012734   0x000002dc   Data   RO         1570    .constdata          operation.o
    0x08012a10   0x00000200   Data   RO         1686    .constdata          crc.o
    0x08012c10   0x00000004   Data   RO         1716    .constdata          store_iap.o
    0x08012c14   0x00000038   Data   RO         1765    .constdata          store_para.o
    0x08012c4c   0x0000001c   Data   RO         1839    .constdata          cenmet_dlms.o
    0x08012c68   0x00000081   Data   RO         1915    .constdata          ctype_o.o(mc_w.l)
    0x08012ce9   0x00000003   PAD
    0x08012cec   0x00000004   Data   RO         1916    .constdata          ctype_o.o(mc_w.l)
    0x08012cf0   0x00000008   Data   RO          439    .conststring        gprsctrl.o
    0x08012cf8   0x00000326   Data   RO          487    .conststring        m35gprs.o
    0x0801301e   0x0000002f   Data   RO          565    .conststring        log.o
    0x0801304d   0x0000001d   Data   RO          642    .conststring        timer.o
    0x0801306a   0x00000018   Data   RO          819    .conststring        shell.o
    0x08013082   0x00000116   Data   RO          859    .conststring        shellcmds.o
    0x08013198   0x0000001d   Data   RO         1497    .conststring        gprs_dev.o
    0x080131b5   0x00000003   PAD
    0x080131b8   0x00000020   Data   RO         2268    Region$$Table       anon$$obj.o


    Execution Region RW_IRAM1 (Base: 0x20000000, Size: 0x00006920, Max: 0x0000c000, ABSOLUTE, COMPRESSED[0x00000360])

    Base Addr    Size         Type   Attr      Idx    E Section Name        Object

    0x20000000   0x00000014   Data   RW          143    .data               stm32f10x_rcc.o
    0x20000014   0x0000003c   Data   RW          318    .data               os_core.o
    0x20000050   0x00000004   Data   RW          440    .data               gprsctrl.o
    0x20000054   0x00000044   Data   RW          488    .data               m35gprs.o
    0x20000098   0x00000007   Data   RW          533    .data               time.o
    0x2000009f   0x00000001   PAD
    0x200000a0   0x00000029   Data   RW          566    .data               log.o
    0x200000c9   0x00000003   PAD
    0x200000cc   0x0000001c   Data   RW          643    .data               timer.o
    0x200000e8   0x00000002   Data   RW          686    .data               plat_gprs.o
    0x200000ea   0x00000002   PAD
    0x200000ec   0x00000004   Data   RW          723    .data               network.o
    0x200000f0   0x00000004   Data   RW          782    .data               ring.o
    0x200000f4   0x00000018   Data   RW          820    .data               shell.o
    0x2000010c   0x000000a8   Data   RW          860    .data               shellcmds.o
    0x200001b4   0x00000004   Data   RW         1064    .data               dd645_2007.o
    0x200001b8   0x000000a0   Data   RW         1108    .data               usart.o
    0x20000258   0x00000004   Data   RW         1135    .data               rtc.o
    0x2000025c   0x00000009   Data   RW         1167    .data               switch.o
    0x20000265   0x00000003   PAD
    0x20000268   0x00000014   Data   RW         1361    .data               svrcomm.o
    0x2000027c   0x00000009   Data   RW         1400    .data               svrmsg.o
    0x20000285   0x00000003   PAD
    0x20000288   0x00000005   Data   RW         1465    .data               uplink_dl.o
    0x2000028d   0x00000003   PAD
    0x20000290   0x00000013   Data   RW         1498    .data               gprs_dev.o
    0x200002a3   0x00000001   PAD
    0x200002a4   0x0000001c   Data   RW         1522    .data               gprs_task.o
    0x200002c0   0x00000008   Data   RW         1571    .data               operation.o
    0x200002c8   0x00000004   Data   RW         1618    .data               unique.o
    0x200002cc   0x00000004   Data   RW         1657    .data               runstate.o
    0x200002d0   0x00000200   Data   RW         1687    .data               crc.o
    0x200004d0   0x00000010   Data   RW         1717    .data               store_iap.o
    0x200004e0   0x00000020   Data   RW         1840    .data               cenmet_dlms.o
    0x20000500   0x00000004   Data   RW         1912    .data               stdin.o(mc_w.l)
    0x20000504   0x00000004   Data   RW         1913    .data               stdout.o(mc_w.l)
    0x20000508   0x00000004   Data   RW         2237    .data               errno.o(mc_w.l)
    0x2000050c   0x00000258   Zero   RW           11    .bss                main.o
    0x20000764   0x00000c00   Zero   RW          316    .bss                os_core.o
    0x20001364   0x0000016e   Zero   RW          485    .bss                m35gprs.o
    0x200014d2   0x00000040   Zero   RW          532    .bss                time.o
    0x20001512   0x00000100   Zero   RW          563    .bss                log.o
    0x20001612   0x00000002   PAD
    0x20001614   0x00000028   Zero   RW          620    .bss                mutex.o
    0x2000163c   0x000003f4   Zero   RW          641    .bss                timer.o
    0x20001a30   0x000000dc   Zero   RW          685    .bss                plat_gprs.o
    0x20001b0c   0x0000000b   Zero   RW          750    .bss                platpara.o
    0x20001b17   0x00000001   PAD
    0x20001b18   0x00000190   Zero   RW          781    .bss                ring.o
    0x20001ca8   0x0000021c   Zero   RW          818    .bss                shell.o
    0x20001ec4   0x00000430   Zero   RW          841    .bss                ttyshell.o
    0x200022f4   0x00000e50   Zero   RW         1107    .bss                usart.o
    0x20003144   0x00000010   Zero   RW         1343    .bss                keepalive.o
    0x20003154   0x000001d6   Zero   RW         1360    .bss                svrcomm.o
    0x2000332a   0x00000002   PAD
    0x2000332c   0x00001b00   Zero   RW         1398    .bss                svrmsg.o
    0x20004e2c   0x00000028   Zero   RW         1428    .bss                tranfile.o
    0x20004e54   0x00000900   Zero   RW         1446    .bss                uplink_buffer.o
    0x20005754   0x00000018   Zero   RW         1464    .bss                uplink_dl.o
    0x2000576c   0x000000fa   Zero   RW         1521    .bss                gprs_task.o
    0x20005866   0x0000002c   Zero   RW         1544    .bss                meter.o
    0x20005892   0x00000002   PAD
    0x20005894   0x0000042c   Zero   RW         1588    .bss                param_init.o
    0x20005cc0   0x00000020   Zero   RW         1656    .bss                runstate.o
    0x20005ce0   0x00000708   Zero   RW         1783    .bss                appmain.o
    0x200063e8   0x00000334   Zero   RW         1838    .bss                cenmet_dlms.o
    0x2000671c   0x00000004   PAD
    0x20006720   0x00000200   Zero   RW            1    STACK               startup_stm32f10x_hd.o


==============================================================================

Image component sizes


      Code (inc. data)   RO Data    RW Data    ZI Data      Debug   Object Name

       102          0          0          0          0       1688   align.o
       424        164          0          0       1800       1140   appmain.o
       502          0          0          0          0       2426   bcd.o
       168         18          0          0          0       4983   bsp.o
      1964        462         28         32        820       6727   cenmet_dlms.o
       132          8        512        512          0       1681   crc.o
       644         58         20          0          0       4058   ctrlcmd.o
       340          6          0          0          0       2500   datatask.o
      2924         90       3564          4          0       8548   dd645_2007.o
        40          0          0          0          0       1689   event.o
       292          0          0          0          0       1644   flash.o
        70          0          0          0          0       1825   flashsave.o
       280          0          0          0          0       1842   fun.o
      1172        204         49         19          0       7016   gprs_dev.o
      2068        446          0         28        250       4960   gprs_task.o
       392         38          8          4          0       3526   gprsctrl.o
       588          0          0          0          0       2010   hdlc.o
       432         42          0          0         16       2743   keepalive.o
       444         50         63         41        256       3468   log.o
      3628        710       1798         68        366      14570   m35gprs.o
       300        124          0          0        600     235050   main.o
       840        116         10          0         44       4535   meter.o
       248         30          0          0          0       1757   misc.o
       240          4          0          0         40       1914   mutex.o
       208          6          0          4          0       4319   network.o
      1388         94        732          8          0       6447   operation.o
      2524        232        256         60       3072      16292   os_core.o
       164         32          0          0          0        268   os_cpu_a.o
       172          0          0          0          0      10681   os_cpu_c.o
      1020         16          0          0          0       3902   os_sem.o
      2100         64          0          0          0       6509   os_task.o
       500         24          0          0          0       1818   os_time.o
       248        124          0          0       1068       3030   param_init.o
       288         40          0          2        220       5438   plat_gprs.o
        24          0          0          0          0        411   plat_init.o
       224         10         24          0         11       3040   platpara.o
         0          0          0          0          0       1716   plc_rsc_std.o
         0          0          0          0          0       1564   plcomm.o
        88         34          0          0          0        677   reset.o
       292         10          0          4        400       3165   ring.o
       424         10         48          4          0       2729   rtc.o
       336        188          0          4         32       1846   runstate.o
       456        110         24         24        540       3203   shell.o
      1512        408        278        168          0       9857   shellcmds.o
        24          0          0          0          0        448   sleep.o
        48         12        304          0        512        512   startup_stm32f10x_hd.o
       188         32          0          0          0       2252   stm32f10x_bkp.o
       800         18          0          0          0       5163   stm32f10x_gpio.o
        72          0          0          0          0       1458   stm32f10x_it.o
        64          6          0          0          0       1197   stm32f10x_iwdg.o
       196         16          0          0          0       1855   stm32f10x_pwr.o
       912         48          0         20          0       8696   stm32f10x_rcc.o
       376         32          0          0          0       2630   stm32f10x_rtc.o
       768          6          0          0          0      13210   stm32f10x_spi.o
       880         12          0          0          0       7799   stm32f10x_usart.o
       264         56          0          0          0        954   stm32rtc.o
       376        130          4         16          0       1194   store_iap.o
       456        154         56          0          0       2838   store_para.o
       800        180          0         20        470       6795   svrcomm.o
      2572        124        160          9       6912       9265   svrmsg.o
       780         42          0          9          0       7337   switch.o
        40         18          0          0          0        454   sys_init.o
        44         20          0          0          0        482   syscall_init.o
       292         18         20          0          0       1637   system_stm32f10x.o
      1720        170          0          0          0       5009   term.o
       564         52          0          7         64       4774   time.o
      2108        352         29         28       1012       9019   timer.o
      1744        362         44          0         40       5758   tranfile.o
       204         40          0          0       1072       1772   ttyshell.o
       860        164          0          4          0       3899   unique.o
         4          0         40          0       2304       2290   uplink_buffer.o
      2244        226          0          5         24       6977   uplink_dl.o
      1776         52          0        160       3664       8703   usart.o
       600         12          0          0          0       3354   w25x64.o
      1012         12          0          0          0       5409   ymodem.o

    ----------------------------------------------------------------------
     52996       6338       8108       1280      25620     542352   Object Totals
         0          0         32          0          0          0   (incl. Generated)
         6          0          5         16         11          2   (incl. Padding)

    ----------------------------------------------------------------------

      Code (inc. data)   RO Data    RW Data    ZI Data      Debug   Library Member Name

        94          0          0          0          0          0   __dczerorl2.o
        32          0          0          0          0         68   _chval.o
       152          0          0          0          0         88   _strtoul.o
        26          0          0          0          0         80   atoi.o
        76          2          0          0          0         68   cdrcmple.o
         8          4        133          0          0         68   ctype_o.o
       350          0          0          0          0        148   dadd.o
       280          0          0          0          0        124   ddiv.o
       234          0          0          0          0        128   depilogue.o
        50          0          0          0          0         68   dfixul.o
       240          0          0          0          0         96   dmul.o
         0          0          0          0          0          0   entry.o
         8          4          0          0          0          0   entry2.o
         4          0          0          0          0          0   entry5.o
         8          4          0          0          0          0   entry7.o
         8          4          0          4          0         68   errno.o
        60          0          0          0          0         84   fgets.o
        30          0          0          0          0          0   handlers.o
        36          8          0          0          0         68   init.o
         0          0          0          0          0          0   iusefp.o
        32          0          0          0          0         68   llshl.o
        34          0          0          0          0         68   llsshr.o
        30          0          0          0          0         68   llushr.o
        26          0          0          0          0         76   memcmp.o
        36          0          0          0          0         68   memcpya.o
        38          0          0          0          0        108   memseta.o
      2438        116          0          0          0        668   printfa.o
         4          0          0          0          0         68   putc.o
        36          4          0          0          0         80   puts.o
         0          0          0          4          0          0   stdin.o
         0          0          0          4          0          0   stdout.o
        18          0          0          0          0         68   strchr.o
        28          0          0          0          0         76   strcmp.o
        18          0          0          0          0         68   strcpy.o
        16          0          0          0          0         68   strlen.o
        24          0          0          0          0         76   strncpy.o
        44          0          0          0          0         76   strstr.o
       112          0          0          0          0         88   strtol.o
        44          0          0          0          0         76   uidiv.o
        90          0          0          0          0         88   uldiv.o

    ----------------------------------------------------------------------
      4768        146        136         12          0       3112   Library Totals
         4          0          3          0          0          0   (incl. Padding)

    ----------------------------------------------------------------------

      Code (inc. data)   RO Data    RW Data    ZI Data      Debug   Library Name

      3534        144        133         12          0       2480   mc_w.l
      1230          2          0          0          0        632   mf_w.l

    ----------------------------------------------------------------------
      4768        146        136         12          0       3112   Library Totals

    ----------------------------------------------------------------------

==============================================================================


      Code (inc. data)   RO Data    RW Data    ZI Data      Debug   

     57764       6484       8244       1292      25620     537116   Grand Totals
     57764       6484       8244        864      25620     537116   ELF Image Totals (compressed)
     57764       6484       8244        864          0          0   ROM Totals

==============================================================================

    Total RO  Size (Code + RO Data)                66008 (  64.46kB)
    Total RW  Size (RW Data + ZI Data)             26912 (  26.28kB)
    Total ROM Size (Code + RO Data + RW Data)      66872 (  65.30kB)

==============================================================================

